Component: ARM Compiler 5.06 update 6 (build 750) Tool: armlink [4d35ed]

==============================================================================

Section Cross References

    app.o(i.main) refers to rt_memclr_w.o(.text) for __aeabi_memclr4
    app.o(i.main) refers to gd32c10x_hw.o(i.usb_rcu_config) for usb_rcu_config
    app.o(i.main) refers to gd32c10x_hw.o(i.usb_timer_init) for usb_timer_init
    app.o(i.main) refers to usbd_core.o(i.usbd_init) for usbd_init
    app.o(i.main) refers to gd32c10x_hw.o(i.usb_intr_config) for usb_intr_config
    app.o(i.main) refers to gd32c10x_rcu.o(i.rcu_periph_clock_enable) for rcu_periph_clock_enable
    app.o(i.main) refers to gd32c10x_hw.o(i.ctc_config) for ctc_config
    app.o(i.main) refers to gd32c10x_ctc.o(i.ctc_flag_get) for ctc_flag_get
    app.o(i.main) refers to can.o(i.FdCanInitTest) for FdCanInitTest
    app.o(i.main) refers to timer.o(i.TIM5_config) for TIM5_config
    app.o(i.main) refers to timer.o(i.TIM6_config) for TIM6_config
    app.o(i.main) refers to bsp.o(i.Led_Init) for Led_Init
    app.o(i.main) refers to bsp.o(i.Adc_Init) for Adc_Init
    app.o(i.main) refers to can.o(i.CanFD_config) for CanFD_config
    app.o(i.main) refers to can.o(i.CAN_setAllfit) for CAN_setAllfit
    app.o(i.main) refers to can.o(i.CanFdSendISO15765Data) for CanFdSendISO15765Data
    app.o(i.main) refers to timer.o(i.Delay_ms) for Delay_ms
    app.o(i.main) refers to cdc_acm_core.o(i.cdc_acm_check_ready) for cdc_acm_check_ready
    app.o(i.main) refers to cdc_acm_core.o(i.cdc_acm_data_receive) for cdc_acm_data_receive
    app.o(i.main) refers to timer.o(i.Delay_us) for Delay_us
    app.o(i.main) refers to app.o(.constdata) for .constdata
    app.o(i.main) refers to cdc_acm_core.o(.data) for iRxUsbLen
    app.o(i.main) refers to app.o(.bss) for cdc_acm
    app.o(i.main) refers to bsp.o(.data) for iHBitSum
    gd32c10x_hw.o(i.ctc_config) refers to gd32c10x_ctc.o(i.ctc_refsource_prescaler_config) for ctc_refsource_prescaler_config
    gd32c10x_hw.o(i.ctc_config) refers to gd32c10x_ctc.o(i.ctc_refsource_signal_select) for ctc_refsource_signal_select
    gd32c10x_hw.o(i.ctc_config) refers to gd32c10x_ctc.o(i.ctc_refsource_polarity_config) for ctc_refsource_polarity_config
    gd32c10x_hw.o(i.ctc_config) refers to gd32c10x_ctc.o(i.ctc_hardware_trim_mode_config) for ctc_hardware_trim_mode_config
    gd32c10x_hw.o(i.ctc_config) refers to gd32c10x_ctc.o(i.ctc_counter_reload_value_config) for ctc_counter_reload_value_config
    gd32c10x_hw.o(i.ctc_config) refers to gd32c10x_ctc.o(i.ctc_clock_limit_value_config) for ctc_clock_limit_value_config
    gd32c10x_hw.o(i.ctc_config) refers to gd32c10x_ctc.o(i.ctc_counter_enable) for ctc_counter_enable
    gd32c10x_hw.o(i.hw_delay) refers to gd32c10x_hw.o(i.hw_time_set) for hw_time_set
    gd32c10x_hw.o(i.hw_delay) refers to gd32c10x_timer.o(i.timer_disable) for timer_disable
    gd32c10x_hw.o(i.hw_delay) refers to gd32c10x_hw.o(.data) for delay_time
    gd32c10x_hw.o(i.hw_time_set) refers to gd32c10x_timer.o(i.timer_disable) for timer_disable
    gd32c10x_hw.o(i.hw_time_set) refers to gd32c10x_timer.o(i.timer_interrupt_disable) for timer_interrupt_disable
    gd32c10x_hw.o(i.hw_time_set) refers to gd32c10x_timer.o(i.timer_init) for timer_init
    gd32c10x_hw.o(i.hw_time_set) refers to gd32c10x_timer.o(i.timer_interrupt_flag_clear) for timer_interrupt_flag_clear
    gd32c10x_hw.o(i.hw_time_set) refers to gd32c10x_timer.o(i.timer_auto_reload_shadow_enable) for timer_auto_reload_shadow_enable
    gd32c10x_hw.o(i.hw_time_set) refers to gd32c10x_timer.o(i.timer_interrupt_enable) for timer_interrupt_enable
    gd32c10x_hw.o(i.hw_time_set) refers to gd32c10x_timer.o(i.timer_enable) for timer_enable
    gd32c10x_hw.o(i.hw_time_set) refers to gd32c10x_hw.o(.data) for timer_prescaler
    gd32c10x_hw.o(i.usb_intr_config) refers to gd32c10x_misc.o(i.nvic_priority_group_set) for nvic_priority_group_set
    gd32c10x_hw.o(i.usb_intr_config) refers to gd32c10x_misc.o(i.nvic_irq_enable) for nvic_irq_enable
    gd32c10x_hw.o(i.usb_intr_config) refers to gd32c10x_rcu.o(i.rcu_periph_clock_enable) for rcu_periph_clock_enable
    gd32c10x_hw.o(i.usb_intr_config) refers to gd32c10x_exti.o(i.exti_interrupt_flag_clear) for exti_interrupt_flag_clear
    gd32c10x_hw.o(i.usb_intr_config) refers to gd32c10x_exti.o(i.exti_init) for exti_init
    gd32c10x_hw.o(i.usb_intr_config) refers to gd32c10x_exti.o(i.exti_interrupt_enable) for exti_interrupt_enable
    gd32c10x_hw.o(i.usb_mdelay) refers to gd32c10x_hw.o(i.hw_delay) for hw_delay
    gd32c10x_hw.o(i.usb_rcu_config) refers to gd32c10x_rcu.o(i.rcu_clock_freq_get) for rcu_clock_freq_get
    gd32c10x_hw.o(i.usb_rcu_config) refers to gd32c10x_rcu.o(i.rcu_osci_on) for rcu_osci_on
    gd32c10x_hw.o(i.usb_rcu_config) refers to gd32c10x_rcu.o(i.rcu_osci_stab_wait) for rcu_osci_stab_wait
    gd32c10x_hw.o(i.usb_rcu_config) refers to gd32c10x_rcu.o(i.rcu_ck48m_clock_config) for rcu_ck48m_clock_config
[...]
    i.cdc_acm_in                             0x08002194   Section        0  cdc_acm_core.o(i.cdc_acm_in)
    cdc_acm_in                               0x08002195   Thumb Code    76  cdc_acm_core.o(i.cdc_acm_in)
    i.cdc_acm_init                           0x080021e4   Section        0  cdc_acm_core.o(i.cdc_acm_init)
    cdc_acm_init                             0x080021e5   Thumb Code    84  cdc_acm_core.o(i.cdc_acm_init)
    i.cdc_acm_out                            0x08002244   Section        0  cdc_acm_core.o(i.cdc_acm_out)
    cdc_acm_out                              0x08002245   Thumb Code   262  cdc_acm_core.o(i.cdc_acm_out)
    i.cdc_acm_req                            0x08002368   Section        0  cdc_acm_core.o(i.cdc_acm_req)
    cdc_acm_req                              0x08002369   Thumb Code   176  cdc_acm_core.o(i.cdc_acm_req)
    i.cdc_ctlx_out                           0x08002418   Section        0  cdc_acm_core.o(i.cdc_ctlx_out)
    cdc_ctlx_out                             0x08002419   Thumb Code    82  cdc_acm_core.o(i.cdc_ctlx_out)
    i.ctc_clock_limit_value_config           0x0800246c   Section        0  gd32c10x_ctc.o(i.ctc_clock_limit_value_config)
    i.ctc_config                             0x08002488   Section        0  gd32c10x_hw.o(i.ctc_config)
    i.ctc_counter_enable                     0x080024b8   Section        0  gd32c10x_ctc.o(i.ctc_counter_enable)
    i.ctc_counter_reload_value_config        0x080024cc   Section        0  gd32c10x_ctc.o(i.ctc_counter_reload_value_config)
    i.ctc_flag_get                           0x080024e8   Section        0  gd32c10x_ctc.o(i.ctc_flag_get)
    i.ctc_hardware_trim_mode_config          0x08002500   Section        0  gd32c10x_ctc.o(i.ctc_hardware_trim_mode_config)
    i.ctc_refsource_polarity_config          0x0800251c   Section        0  gd32c10x_ctc.o(i.ctc_refsource_polarity_config)
    i.ctc_refsource_prescaler_config         0x08002538   Section        0  gd32c10x_ctc.o(i.ctc_refsource_prescaler_config)
    i.ctc_refsource_signal_select            0x08002554   Section        0  gd32c10x_ctc.o(i.ctc_refsource_signal_select)
    i.exti_init                              0x08002570   Section        0  gd32c10x_exti.o(i.exti_init)
    i.exti_interrupt_enable                  0x08002628   Section        0  gd32c10x_exti.o(i.exti_interrupt_enable)
    i.exti_interrupt_flag_clear              0x08002638   Section        0  gd32c10x_exti.o(i.exti_interrupt_flag_clear)
    i.exti_interrupt_flag_get                0x08002644   Section        0  gd32c10x_exti.o(i.exti_interrupt_flag_get)
    i.gpio_bit_reset                         0x08002668   Section        0  gd32c10x_gpio.o(i.gpio_bit_reset)
    i.gpio_bit_set                           0x0800266c   Section        0  gd32c10x_gpio.o(i.gpio_bit_set)
    i.gpio_init                              0x08002670   Section        0  gd32c10x_gpio.o(i.gpio_init)
    i.gpio_input_bit_get                     0x0800272c   Section        0  gd32c10x_gpio.o(i.gpio_input_bit_get)
    i.gpio_pin_remap_config                  0x0800273c   Section        0  gd32c10x_gpio.o(i.gpio_pin_remap_config)
    i.hw_delay                               0x080027cc   Section        0  gd32c10x_hw.o(i.hw_delay)
    hw_delay                                 0x080027cd   Thumb Code    34  gd32c10x_hw.o(i.hw_delay)
    i.hw_time_set                            0x080027f8   Section        0  gd32c10x_hw.o(i.hw_time_set)
    hw_time_set                              0x080027f9   Thumb Code   102  gd32c10x_hw.o(i.hw_time_set)
    i.int_to_unicode                         0x08002868   Section        0  usbd_enum.o(i.int_to_unicode)
    i.main                                   0x080028a4   Section        0  app.o(i.main)
    i.nvic_irq_enable                        0x080029d4   Section        0  gd32c10x_misc.o(i.nvic_irq_enable)
    i.nvic_priority_group_set                0x08002a80   Section        0  gd32c10x_misc.o(i.nvic_priority_group_set)
    i.nvic_vector_table_set                  0x08002a94   Section        0  gd32c10x_misc.o(i.nvic_vector_table_set)
    i.pmu_to_deepsleepmode                   0x08002aac   Section        0  gd32c10x_pmu.o(i.pmu_to_deepsleepmode)
    i.rcu_adc_clock_config                   0x08002b70   Section        0  gd32c10x_rcu.o(i.rcu_adc_clock_config)
    i.rcu_ck48m_clock_config                 0x08002bdc   Section        0  gd32c10x_rcu.o(i.rcu_ck48m_clock_config)
    i.rcu_clock_freq_get                     0x08002bf8   Section        0  gd32c10x_rcu.o(i.rcu_clock_freq_get)
    i.rcu_flag_get                           0x08002d78   Section        0  gd32c10x_rcu.o(i.rcu_flag_get)
    i.rcu_osci_on                            0x08002d9c   Section        0  gd32c10x_rcu.o(i.rcu_osci_on)
    i.rcu_osci_stab_wait                     0x08002dbc   Section        0  gd32c10x_rcu.o(i.rcu_osci_stab_wait)
    i.rcu_periph_clock_enable                0x08002f18   Section        0  gd32c10x_rcu.o(i.rcu_periph_clock_enable)
    i.rcu_periph_reset_disable               0x08002f38   Section        0  gd32c10x_rcu.o(i.rcu_periph_reset_disable)
    i.rcu_periph_reset_enable                0x08002f58   Section        0  gd32c10x_rcu.o(i.rcu_periph_reset_enable)
    i.rcu_usb_clock_config                   0x08002f78   Section        0  gd32c10x_rcu.o(i.rcu_usb_clock_config)
    i.serial_string_get                      0x08002f90   Section        0  usbd_enum.o(i.serial_string_get)
    i.system_clock_120m_hxtal                0x08002fdc   Section        0  system_gd32c10x.o(i.system_clock_120m_hxtal)
    system_clock_120m_hxtal                  0x08002fdd   Thumb Code   226  system_gd32c10x.o(i.system_clock_120m_hxtal)
    i.system_clock_config                    0x080030d8   Section        0  system_gd32c10x.o(i.system_clock_config)
    system_clock_config                      0x080030d9   Thumb Code     8  system_gd32c10x.o(i.system_clock_config)
    i.timer_auto_reload_shadow_enable        0x080030e0   Section        0  gd32c10x_timer.o(i.timer_auto_reload_shadow_enable)
    i.timer_channel_capture_value_register_read 0x080030ea   Section        0  gd32c10x_timer.o(i.timer_channel_capture_value_register_read)
    i.timer_channel_output_polarity_config   0x08003114   Section        0  gd32c10x_timer.o(i.timer_channel_output_polarity_config)
    i.timer_counter_read                     0x08003170   Section        0  gd32c10x_timer.o(i.timer_counter_read)
    i.timer_counter_value_config             0x08003178   Section        0  gd32c10x_timer.o(i.timer_counter_value_config)
    i.timer_deinit                           0x0800317c   Section        0  gd32c10x_timer.o(i.timer_deinit)
    i.timer_disable                          0x08003300   Section        0  gd32c10x_timer.o(i.timer_disable)
    i.timer_enable                           0x0800330a   Section        0  gd32c10x_timer.o(i.timer_enable)
    i.timer_init                             0x08003314   Section        0  gd32c10x_timer.o(i.timer_init)
    i.timer_interrupt_disable                0x080033b8   Section        0  gd32c10x_timer.o(i.timer_interrupt_disable)
    i.timer_interrupt_enable                 0x080033c0   Section        0  gd32c10x_timer.o(i.timer_interrupt_enable)
    i.timer_interrupt_flag_clear             0x080033c8   Section        0  gd32c10x_timer.o(i.timer_interrupt_flag_clear)
    i.timer_interrupt_flag_get               0x080033ce   Section        0  gd32c10x_timer.o(i.timer_interrupt_flag_get)
    i.timer_struct_para_init                 0x080033e6   Section        0  gd32c10x_timer.o(i.timer_struct_para_init)
    i.usb_basic_init                         0x080033fc   Section        0  drv_usb_core.o(i.usb_basic_init)
    i.usb_clock_active                       0x080034d6   Section        0  drv_usb_dev.o(i.usb_clock_active)
    i.usb_core_init                          0x080034f8   Section        0  drv_usb_core.o(i.usb_core_init)
    i.usb_core_reset                         0x080035b0   Section        0  drv_usb_core.o(i.usb_core_reset)
    usb_core_reset                           0x080035b1   Thumb Code    38  drv_usb_core.o(i.usb_core_reset)
    i.usb_ctlep_startout                     0x080035d8   Section        0  drv_usb_dev.o(i.usb_ctlep_startout)
    i.usb_curmode_set                        0x08003600   Section        0  drv_usb_core.o(i.usb_curmode_set)
    i.usb_devcore_init                       0x08003630   Section        0  drv_usb_dev.o(i.usb_devcore_init)
    i.usb_devint_enable                      0x08003780   Section        0  drv_usb_dev.o(i.usb_devint_enable)
    i.usb_iepintr_read                       0x080037c0   Section        0  drv_usb_dev.o(i.usb_iepintr_read)
    i.usb_intr_config                        0x080037ea   Section        0  gd32c10x_hw.o(i.usb_intr_config)
    i.usb_mdelay                             0x0800382e   Section        0  gd32c10x_hw.o(i.usb_mdelay)
    i.usb_rcu_config                         0x0800383c   Section        0  gd32c10x_hw.o(i.usb_rcu_config)
    i.usb_rxfifo_flush                       0x080038d8   Section        0  drv_usb_core.o(i.usb_rxfifo_flush)
    i.usb_rxfifo_read                        0x080038fa   Section        0  drv_usb_core.o(i.usb_rxfifo_read)
    i.usb_set_txfifo                         0x08003918   Section        0  drv_usb_core.o(i.usb_set_txfifo)
    i.usb_timer_init                         0x08003960   Section        0  gd32c10x_hw.o(i.usb_timer_init)
    i.usb_timer_irq                          0x08003988   Section        0  gd32c10x_hw.o(i.usb_timer_irq)
    i.usb_transc_active                      0x080039c0   Section        0  drv_usb_dev.o(i.usb_transc_active)
    i.usb_transc_clrstall                    0x08003a58   Section        0  drv_usb_dev.o(i.usb_transc_clrstall)
    i.usb_transc_deactivate                  0x08003a9c   Section        0  drv_usb_dev.o(i.usb_transc_deactivate)
    i.usb_transc_inxfer                      0x08003b00   Section        0  drv_usb_dev.o(i.usb_transc_inxfer)
    i.usb_transc_outxfer                     0x08003c0c   Section        0  drv_usb_dev.o(i.usb_transc_outxfer)
    i.usb_transc_stall                       0x08003c9c   Section        0  drv_usb_dev.o(i.usb_transc_stall)
    i.usb_txfifo_flush                       0x08003cde   Section        0  drv_usb_core.o(i.usb_txfifo_flush)
    i.usb_txfifo_write                       0x08003d06   Section        0  drv_usb_core.o(i.usb_txfifo_write)
    i.usb_udelay                             0x08003d28   Section        0  gd32c10x_hw.o(i.usb_udelay)
    i.usbd_class_request                     0x08003d36   Section        0  usbd_enum.o(i.usbd_class_request)
    i.usbd_connect                           0x08003d5c   Section        0  usbd_core.o(i.usbd_connect)
    i.usbd_ctl_recev                         0x08003d78   Section        0  usbd_transc.o(i.usbd_ctl_recev)
    i.usbd_ctl_send                          0x08003da6   Section        0  usbd_transc.o(i.usbd_ctl_send)
    i.usbd_ctl_status_recev                  0x08003dd4   Section        0  usbd_transc.o(i.usbd_ctl_status_recev)
    i.usbd_ctl_status_send                   0x08003df4   Section        0  usbd_transc.o(i.usbd_ctl_status_send)
    i.usbd_disconnect                        0x08003e14   Section        0  usbd_core.o(i.usbd_disconnect)
    i.usbd_emptytxfifo_write                 0x08003e30   Section        0  drv_usbd_int.o(i.usbd_emptytxfifo_write)
    usbd_emptytxfifo_write                   0x08003e31   Thumb Code   140  drv_usbd_int.o(i.usbd_emptytxfifo_write)
    i.usbd_enum_error                        0x08003ebc   Section        0  usbd_enum.o(i.usbd_enum_error)
    i.usbd_ep_clear                          0x08003eda   Section        0  usbd_core.o(i.usbd_ep_clear)
    i.usbd_ep_recev                          0x08003f0e   Section        0  usbd_core.o(i.usbd_ep_recev)
    i.usbd_ep_send                           0x08003f4a   Section        0  usbd_core.o(i.usbd_ep_send)
    i.usbd_ep_setup                          0x08003f88   Section        0  usbd_core.o(i.usbd_ep_setup)
    i.usbd_ep_stall                          0x08003ff8   Section        0  usbd_core.o(i.usbd_ep_stall)
    i.usbd_ep_stall_clear                    0x08004032   Section        0  usbd_core.o(i.usbd_ep_stall_clear)
    i.usbd_in_transc                         0x0800406c   Section        0  usbd_transc.o(i.usbd_in_transc)
    i.usbd_init                              0x0800410c   Section        0  usbd_core.o(i.usbd_init)
    i.usbd_int_enumfinish                    0x08004188   Section        0  drv_usbd_int.o(i.usbd_int_enumfinish)
    usbd_int_enumfinish                      0x08004189   Thumb Code    98  drv_usbd_int.o(i.usbd_int_enumfinish)
    i.usbd_int_epin                          0x080041f0   Section        0  drv_usbd_int.o(i.usbd_int_epin)
    usbd_int_epin                            0x080041f1   Thumb Code   138  drv_usbd_int.o(i.usbd_int_epin)
    i.usbd_int_epout                         0x0800427a   Section        0  drv_usbd_int.o(i.usbd_int_epout)
    usbd_int_epout                           0x0800427b   Thumb Code   206  drv_usbd_int.o(i.usbd_int_epout)
    i.usbd_int_reset                         0x08004348   Section        0  drv_usbd_int.o(i.usbd_int_reset)
    usbd_int_reset                           0x08004349   Thumb Code   208  drv_usbd_int.o(i.usbd_int_reset)
    i.usbd_int_rxfifo                        0x08004420   Section        0  drv_usbd_int.o(i.usbd_int_rxfifo)
    usbd_int_rxfifo                          0x08004421   Thumb Code   178  drv_usbd_int.o(i.usbd_int_rxfifo)
    i.usbd_int_suspend                       0x080044d2   Section        0  drv_usbd_int.o(i.usbd_int_suspend)
    usbd_int_suspend                         0x080044d3   Thumb Code   102  drv_usbd_int.o(i.usbd_int_suspend)
    i.usbd_isr                               0x08004538   Section        0  drv_usbd_int.o(i.usbd_isr)
    i.usbd_out_transc                        0x08004616   Section        0  usbd_transc.o(i.usbd_out_transc)
    i.usbd_setup_transc                      0x0800469a   Section        0  usbd_transc.o(i.usbd_setup_transc)
    i.usbd_standard_request                  0x08004720   Section        0  usbd_enum.o(i.usbd_standard_request)
    i.usbd_vendor_request                    0x0800473c   Section        0  usbd_enum.o(i.usbd_vendor_request)
    x$fpl$fpinit                             0x08004742   Section       10  fpinit.o(x$fpl$fpinit)
    $v0                                      0x08004742   Number         0  fpinit.o(x$fpl$fpinit)
    .constdata                               0x0800474c   Section       24  app.o(.constdata)
    .constdata                               0x08004764   Section      216  gd32c10x_can.o(.constdata)
    timing_pts                               0x0800476c   Data         184  gd32c10x_can.o(.constdata)
    .constdata                               0x0800483c   Section        4  drv_usb_dev.o(.constdata)
    EP0_MAXLEN                               0x0800483c   Data           4  drv_usb_dev.o(.constdata)
    .constdata                               0x08004840   Section       60  drv_usbd_int.o(.constdata)
    USB_SPEED                                0x08004840   Data           4  drv_usbd_int.o(.constdata)
    <Data1>                                  0x08004844   Data          28  drv_usbd_int.o(.constdata)
    <Data2>                                  0x08004860   Data          28  drv_usbd_int.o(.constdata)
    .constdata                               0x0800487c   Section       16  usbd_core.o(.constdata)
    .constdata                               0x0800488c   Section      375  cdc_acm_core.o(.constdata)
    usbd_language_id_desc                    0x080048e1   Data           4  cdc_acm_core.o(.constdata)
    manufacturer_string                      0x080048e5   Data         130  cdc_acm_core.o(.constdata)
    product_string                           0x08004967   Data         130  cdc_acm_core.o(.constdata)
    .constdata                               0x08004a04   Section      200  can.o(.constdata)
    .data                                    0x20000000   Section       12  gd32c10x_hw.o(.data)
    .data                                    0x2000000c   Section        1  gd32c10x_it.o(.data)
    Old_val1                                 0x2000000c   Data           1  gd32c10x_it.o(.data)
    .data                                    0x2000000e   Section        8  drv_usb_dev.o(.data)
    USBFS_TX_FIFO_SIZE                       0x2000000e   Data           8  drv_usb_dev.o(.data)
    .data                                    0x20000018   Section       67  usbd_enum.o(.data)
    _std_dev_req                             0x20000018   Data          52  usbd_enum.o(.data)
    std_desc_get                             0x2000004c   Data          12  usbd_enum.o(.data)
    status                                   0x20000058   Data           2  usbd_enum.o(.data)
    config                                   0x2000005a   Data           1  usbd_enum.o(.data)
    .data                                    0x2000005c   Section      216  cdc_acm_core.o(.data)
    serial_string                            0x20000071   Data         130  cdc_acm_core.o(.data)
    .data                                    0x20000134   Section       69  bsp.o(.data)
    .bss                                     0x2000017c   Section     1084  app.o(.bss)
    .bss                                     0x200005b8   Section       16  gd32c10x_pmu.o(.bss)
    reg_snap                                 0x200005b8   Data          16  gd32c10x_pmu.o(.bss)
    .bss                                     0x200005c8   Section      100  cdc_acm_core.o(.bss)
    cdc_handler                              0x200005d4   Data          88  cdc_acm_core.o(.bss)
    .bss                                     0x2000062c   Section    16360  bsp.o(.bss)
    .bss                                     0x20004614   Section       96  libspace.o(.bss)
    HEAP                                     0x20004678   Section     1024  startup_gd32c10x.o(HEAP)
    Heap_Mem                                 0x20004678   Data        1024  startup_gd32c10x.o(HEAP)
    STACK                                    0x20004a78   Section     1024  startup_gd32c10x.o(STACK)
    Stack_Mem                                0x20004a78   Data        1024  startup_gd32c10x.o(STACK)
    __initial_sp                             0x20004e78   Data           0  startup_gd32c10x.o(STACK)

    Global Symbols

    Symbol Name                              Value     Ov Type        Size  Object(Section)

    BuildAttributes$$THM_ISAv4$E$P$D$K$B$S$7EM$VFPi3$EXTD16$VFPS$VFMA$PE$A:L22UL41UL21$X:L11$S22US41US21$IEEE1$IW$USESV6$~STKCKD$USESV7$~SHL$OSPACE$ROPI$EBA8$UX$STANDARDLIB$REQ8$PRES8$EABIv2 0x00000000   Number         0  anon$$obj.o ABSOLUTE
    __ARM_use_no_argv                        0x00000000   Number         0  app.o ABSOLUTE
    __ARM_exceptions_init                     - Undefined Weak Reference
    __alloca_initialize                       - Undefined Weak Reference
    __arm_preinit_                            - Undefined Weak Reference
    __cpp_initialize__aeabi_                  - Undefined Weak Reference
    __cxa_finalize                            - Undefined Weak Reference
    __rt_locale                               - Undefined Weak Reference
    __sigvec_lookup                           - Undefined Weak Reference
    _atexit_init                              - Undefined Weak Reference
    _call_atexit_fns                          - Undefined Weak Reference
    _clock_init                               - Undefined Weak Reference
    _fp_trap_init                             - Undefined Weak Reference
    _fp_trap_shutdown                         - Undefined Weak Reference
    _get_lc_collate                           - Undefined Weak Reference
    _get_lc_ctype                             - Undefined Weak Reference
    _get_lc_monetary                          - Undefined Weak Reference
    _get_lc_numeric                           - Undefined Weak Reference
    _get_lc_time                              - Undefined Weak Reference
    _getenv_init                              - Undefined Weak Reference
    _handle_redirection                       - Undefined Weak Reference
    _init_alloc                               - Undefined Weak Reference
    _init_user_alloc                          - Undefined Weak Reference
    _initio                                   - Undefined Weak Reference
    _rand_init                                - Undefined Weak Reference
    _signal_finish                            - Undefined Weak Reference
    _signal_init                              - Undefined Weak Reference
    _terminate_alloc                          - Undefined Weak Reference
    _terminate_user_alloc                     - Undefined Weak Reference
    _terminateio                              - Undefined Weak Reference
    __Vectors_Size                           0x00000150   Number         0  startup_gd32c10x.o ABSOLUTE
    __Vectors                                0x08000000   Data           4  startup_gd32c10x.o(RESET)
    __Vectors_End                            0x08000150   Data           0  startup_gd32c10x.o(RESET)
    __main                                   0x08000151   Thumb Code     8  __main.o(!!!main)
    __scatterload                            0x08000159   Thumb Code     0  __scatter.o(!!!scatter)
    __scatterload_rt2                        0x08000159   Thumb Code    44  __scatter.o(!!!scatter)
    __scatterload_rt2_thumb_only             0x08000159   Thumb Code     0  __scatter.o(!!!scatter)
    __scatterload_null                       0x08000167   Thumb Code     0  __scatter.o(!!!scatter)
    __decompress                             0x0800018d   Thumb Code    90  __dczerorl2.o(!!dczerorl2)
    __decompress1                            0x0800018d   Thumb Code     0  __dczerorl2.o(!!dczerorl2)
    __scatterload_zeroinit                   0x080001e9   Thumb Code    28  __scatter_zi.o(!!handler_zi)
    __rt_lib_init                            0x08000205   Thumb Code     0  libinit.o(.ARM.Collect$$libinit$$00000000)
    __rt_lib_init_fp_1                       0x08000207   Thumb Code     0  libinit2.o(.ARM.Collect$$libinit$$00000001)
    __rt_lib_init_alloca_1                   0x0800020b   Thumb Code     0  libinit2.o(.ARM.Collect$$libinit$$0000002E)
    __rt_lib_init_argv_1                     0x0800020b   Thumb Code     0  libinit2.o(.ARM.Collect$$libinit$$0000002C)
    __rt_lib_init_atexit_1                   0x0800020b   Thumb Code     0  libinit2.o(.ARM.Collect$$libinit$$0000001B)
    __rt_lib_init_clock_1                    0x0800020b   Thumb Code     0  libinit2.o(.ARM.Collect$$libinit$$00000021)
    __rt_lib_init_cpp_1                      0x0800020b   Thumb Code     0  libinit2.o(.ARM.Collect$$libinit$$00000032)
    __rt_lib_init_exceptions_1               0x0800020b   Thumb Code     0  libinit2.o(.ARM.Collect$$libinit$$00000030)
    __rt_lib_init_fp_trap_1                  0x0800020b   Thumb Code     0  libinit2.o(.ARM.Collect$$libinit$$0000001F)
    __rt_lib_init_getenv_1                   0x0800020b   Thumb Code     0  libinit2.o(.ARM.Collect$$libinit$$00000023)
    __rt_lib_init_heap_1                     0x0800020b   Thumb Code     0  libinit2.o(.ARM.Collect$$libinit$$0000000A)
    __rt_lib_init_lc_collate_1               0x0800020b   Thumb Code     0  libinit2.o(.ARM.Collect$$libinit$$00000011)
    __rt_lib_init_lc_ctype_1                 0x0800020b   Thumb Code     0  libinit2.o(.ARM.Collect$$libinit$$00000013)
    __rt_lib_init_lc_monetary_1              0x0800020b   Thumb Code     0  libinit2.o(.ARM.Collect$$libinit$$00000015)
    __rt_lib_init_lc_numeric_1               0x0800020b   Thumb Code     0  libinit2.o(.ARM.Collect$$libinit$$00000017)
    __rt_lib_init_lc_time_1                  0x0800020b   Thumb Code     0  libinit2.o(.ARM.Collect$$libinit$$00000019)
    __rt_lib_init_preinit_1                  0x0800020b   Thumb Code     0  libinit2.o(.ARM.Collect$$libinit$$00000004)
    __rt_lib_init_rand_1                     0x0800020b   Thumb Code     0  libinit2.o(.ARM.Collect$$libinit$$0000000E)
    __rt_lib_init_return                     0x0800020b   Thumb Code     0  libinit2.o(.ARM.Collect$$libinit$$00000033)
    __rt_lib_init_signal_1                   0x0800020b   Thumb Code     0  libinit2.o(.ARM.Collect$$libinit$$0000001D)
    __rt_lib_init_stdio_1                    0x0800020b   Thumb Code     0  libinit2.o(.ARM.Collect$$libinit$$00000025)
    __rt_lib_init_user_alloc_1               0x0800020b   Thumb Code     0  libinit2.o(.ARM.Collect$$libinit$$0000000C)
    __rt_lib_shutdown                        0x0800020d   Thumb Code     0  libshutdown.o(.ARM.Collect$$libshutdown$$00000000)
    __rt_lib_shutdown_cpp_1                  0x0800020f   Thumb Code     0  libshutdown2.o(.ARM.Collect$$libshutdown$$00000002)
    __rt_lib_shutdown_fp_trap_1              0x0800020f   Thumb Code     0  libshutdown2.o(.ARM.Collect$$libshutdown$$00000007)
    __rt_lib_shutdown_heap_1                 0x0800020f   Thumb Code     0  libshutdown2.o(.ARM.Collect$$libshutdown$$0000000F)
    __rt_lib_shutdown_return                 0x0800020f   Thumb Code     0  libshutdown2.o(.ARM.Collect$$libshutdown$$00000010)
    __rt_lib_shutdown_signal_1               0x0800020f   Thumb Code     0  libshutdown2.o(.ARM.Collect$$libshutdown$$0000000A)
    __rt_lib_shutdown_stdio_1                0x0800020f   Thumb Code     0  libshutdown2.o(.ARM.Collect$$libshutdown$$00000004)
    __rt_lib_shutdown_user_alloc_1           0x0800020f   Thumb Code     0  libshutdown2.o(.ARM.Collect$$libshutdown$$0000000C)
    __rt_entry                               0x08000211   Thumb Code     0  __rtentry.o(.ARM.Collect$$rtentry$$00000000)
    __rt_entry_presh_1                       0x08000211   Thumb Code     0  __rtentry2.o(.ARM.Collect$$rtentry$$00000002)
    __rt_entry_sh                            0x08000211   Thumb Code     0  __rtentry4.o(.ARM.Collect$$rtentry$$00000004)
    __rt_entry_li                            0x08000217   Thumb Code     0  __rtentry2.o(.ARM.Collect$$rtentry$$0000000A)
    __rt_entry_postsh_1                      0x08000217   Thumb Code     0  __rtentry2.o(.ARM.Collect$$rtentry$$00000009)
    __rt_entry_main                          0x0800021b   Thumb Code     0  __rtentry2.o(.ARM.Collect$$rtentry$$0000000D)
    __rt_entry_postli_1                      0x0800021b   Thumb Code     0  __rtentry2.o(.ARM.Collect$$rtentry$$0000000C)
    __rt_exit                                0x08000223   Thumb Code     0  rtexit.o(.ARM.Collect$$rtexit$$00000000)
    __rt_exit_ls                             0x08000225   Thumb Code     0  rtexit2.o(.ARM.Collect$$rtexit$$00000003)
    __rt_exit_prels_1                        0x08000225   Thumb Code     0  rtexit2.o(.ARM.Collect$$rtexit$$00000002)
    __rt_exit_exit                           0x08000229   Thumb Code     0  rtexit2.o(.ARM.Collect$$rtexit$$00000004)
    Reset_Handler                            0x08000231   Thumb Code     8  startup_gd32c10x.o(.text)
    ADC0_1_IRQHandler                        0x0800024b   Thumb Code     0  startup_gd32c10x.o(.text)
    CAN0_EWMC_IRQHandler                     0x0800024b   Thumb Code     0  startup_gd32c10x.o(.text)
    CAN0_RX1_IRQHandler                      0x0800024b   Thumb Code     0  startup_gd32c10x.o(.text)
    CAN0_TX_IRQHandler                       0x0800024b   Thumb Code     0  startup_gd32c10x.o(.text)
    CAN1_EWMC_IRQHandler                     0x0800024b   Thumb Code     0  startup_gd32c10x.o(.text)
    CAN1_RX1_IRQHandler                      0x0800024b   Thumb Code     0  startup_gd32c10x.o(.text)
    CAN1_TX_IRQHandler                       0x0800024b   Thumb Code     0  startup_gd32c10x.o(.text)
    DMA0_Channel0_IRQHandler                 0x0800024b   Thumb Code     0  startup_gd32c10x.o(.text)
    DMA0_Channel1_IRQHandler                 0x0800024b   Thumb Code     0  startup_gd32c10x.o(.text)
    DMA0_Channel2_IRQHandler                 0x0800024b   Thumb Code     0  startup_gd32c10x.o(.text)
    DMA0_Channel3_IRQHandler                 0x0800024b   Thumb Code     0  startup_gd32c10x.o(.text)
    DMA0_Channel4_IRQHandler                 0x0800024b   Thumb Code     0  startup_gd32c10x.o(.text)
    DMA0_Channel5_IRQHandler                 0x0800024b   Thumb Code     0  startup_gd32c10x.o(.text)
    DMA0_Channel6_IRQHandler                 0x0800024b   Thumb Code     0  startup_gd32c10x.o(.text)
    DMA1_Channel0_IRQHandler                 0x0800024b   Thumb Code     0  startup_gd32c10x.o(.text)
    DMA1_Channel1_IRQHandler                 0x0800024b   Thumb Code     0  startup_gd32c10x.o(.text)
    DMA1_Channel2_IRQHandler                 0x0800024b   Thumb Code     0  startup_gd32c10x.o(.text)
    DMA1_Channel3_IRQHandler                 0x0800024b   Thumb Code     0  startup_gd32c10x.o(.text)
    DMA1_Channel4_IRQHandler                 0x0800024b   Thumb Code     0  startup_gd32c10x.o(.text)
    EXMC_IRQHandler                          0x0800024b   Thumb Code     0  startup_gd32c10x.o(.text)
    EXTI0_IRQHandler                         0x0800024b   Thumb Code     0  startup_gd32c10x.o(.text)
    EXTI1_IRQHandler                         0x0800024b   Thumb Code     0  startup_gd32c10x.o(.text)
    EXTI2_IRQHandler                         0x0800024b   Thumb Code     0  startup_gd32c10x.o(.text)
    EXTI3_IRQHandler                         0x0800024b   Thumb Code     0  startup_gd32c10x.o(.text)
    EXTI4_IRQHandler                         0x0800024b   Thumb Code     0  startup_gd32c10x.o(.text)
    EXTI5_9_IRQHandler                       0x0800024b   Thumb Code     0  startup_gd32c10x.o(.text)
    FMC_IRQHandler                           0x0800024b   Thumb Code     0  startup_gd32c10x.o(.text)
    I2C0_ER_IRQHandler                       0x0800024b   Thumb Code     0  startup_gd32c10x.o(.text)
    I2C0_EV_IRQHandler                       0x0800024b   Thumb Code     0  startup_gd32c10x.o(.text)
    I2C1_ER_IRQHandler                       0x0800024b   Thumb Code     0  startup_gd32c10x.o(.text)
    I2C1_EV_IRQHandler                       0x0800024b   Thumb Code     0  startup_gd32c10x.o(.text)
    LVD_IRQHandler                           0x0800024b   Thumb Code     0  startup_gd32c10x.o(.text)
    RCU_CTC_IRQHandler                       0x0800024b   Thumb Code     0  startup_gd32c10x.o(.text)
    RTC_Alarm_IRQHandler                     0x0800024b   Thumb Code     0  startup_gd32c10x.o(.text)
    RTC_IRQHandler                           0x0800024b   Thumb Code     0  startup_gd32c10x.o(.text)
    SPI0_IRQHandler                          0x0800024b   Thumb Code     0  startup_gd32c10x.o(.text)
    SPI1_IRQHandler                          0x0800024b   Thumb Code     0  startup_gd32c10x.o(.text)
    SPI2_IRQHandler                          0x0800024b   Thumb Code     0  startup_gd32c10x.o(.text)
    TAMPER_IRQHandler                        0x0800024b   Thumb Code     0  startup_gd32c10x.o(.text)
    TIMER0_Channel_IRQHandler                0x0800024b   Thumb Code     0  startup_gd32c10x.o(.text)
    TIMER0_TRG_CMT_TIMER10_IRQHandler        0x0800024b   Thumb Code     0  startup_gd32c10x.o(.text)
    TIMER0_UP_TIMER9_IRQHandler              0x0800024b   Thumb Code     0  startup_gd32c10x.o(.text)
    TIMER3_IRQHandler                        0x0800024b   Thumb Code     0  startup_gd32c10x.o(.text)
    TIMER4_IRQHandler                        0x0800024b   Thumb Code     0  startup_gd32c10x.o(.text)
    TIMER7_BRK_TIMER11_IRQHandler            0x0800024b   Thumb Code     0  startup_gd32c10x.o(.text)
    TIMER7_Channel_IRQHandler                0x0800024b   Thumb Code     0  startup_gd32c10x.o(.text)
    TIMER7_TRG_CMT_TIMER13_IRQHandler        0x0800024b   Thumb Code     0  startup_gd32c10x.o(.text)
    TIMER7_UP_TIMER12_IRQHandler             0x0800024b   Thumb Code     0  startup_gd32c10x.o(.text)
    UART3_IRQHandler                         0x0800024b   Thumb Code     0  startup_gd32c10x.o(.text)
    UART4_IRQHandler                         0x0800024b   Thumb Code     0  startup_gd32c10x.o(.text)
    USART0_IRQHandler                        0x0800024b   Thumb Code     0  startup_gd32c10x.o(.text)
    USART2_IRQHandler                        0x0800024b   Thumb Code     0  startup_gd32c10x.o(.text)
    WWDGT_IRQHandler                         0x0800024b   Thumb Code     0  startup_gd32c10x.o(.text)
    __user_initial_stackheap                 0x0800024d   Thumb Code    10  startup_gd32c10x.o(.text)
    __aeabi_memcpy                           0x08000271   Thumb Code     0  rt_memcpy_v6.o(.text)
    __rt_memcpy                              0x08000271   Thumb Code   138  rt_memcpy_v6.o(.text)
    _memcpy_lastbytes                        0x080002d7   Thumb Code     0  rt_memcpy_v6.o(.text)
    __aeabi_memcpy4                          0x080002fb   Thumb Code     0  rt_memcpy_w.o(.text)
    __aeabi_memcpy8                          0x080002fb   Thumb Code     0  rt_memcpy_w.o(.text)
    __rt_memcpy_w                            0x080002fb   Thumb Code   100  rt_memcpy_w.o(.text)
    _memcpy_lastbytes_aligned                0x08000343   Thumb Code     0  rt_memcpy_w.o(.text)
    __aeabi_memclr4                          0x0800035f   Thumb Code     0  rt_memclr_w.o(.text)
    __aeabi_memclr8                          0x0800035f   Thumb Code     0  rt_memclr_w.o(.text)
    __rt_memclr_w                            0x0800035f   Thumb Code    78  rt_memclr_w.o(.text)
    _memset_w                                0x08000363   Thumb Code     0  rt_memclr_w.o(.text)
    __use_two_region_memory                  0x080003ad   Thumb Code     2  heapauxi.o(.text)
    __rt_heap_escrow$2region                 0x080003af   Thumb Code     2  heapauxi.o(.text)
    __rt_heap_expand$2region                 0x080003b1   Thumb Code     2  heapauxi.o(.text)
    __user_setup_stackheap                   0x080003b3   Thumb Code    74  sys_stackheap_outer.o(.text)
    exit                                     0x080003fd   Thumb Code    18  exit.o(.text)
    __user_libspace                          0x08000411   Thumb Code     8  libspace.o(.text)
    __user_perproc_libspace                  0x08000411   Thumb Code     0  libspace.o(.text)
    __user_perthread_libspace                0x08000411   Thumb Code     0  libspace.o(.text)
    _sys_exit                                0x08000419   Thumb Code     8  sys_exit.o(.text)
    __I$use$semihosting                      0x08000425   Thumb Code     0  use_no_semi.o(.text)
    __use_no_semihosting_swi                 0x08000425   Thumb Code     2  use_no_semi.o(.text)
    __semihosting_library_function           0x08000427   Thumb Code     0  indicate_semi.o(.text)
    Adc_Init                                 0x08000429   Thumb Code   110  bsp.o(i.Adc_Init)
    BusFault_Handler                         0x080004a1   Thumb Code     4  gd32c10x_it.o(i.BusFault_Handler)
    CAN0_RX0_IRQHandler                      0x080004a5   Thumb Code    22  gd32c10x_it.o(i.CAN0_RX0_IRQHandler)
    CAN1_RX0_IRQHandler                      0x080004c1   Thumb Code    18  gd32c10x_it.o(i.CAN1_RX0_IRQHandler)
    CAN_setAllfit                            0x080004d9   Thumb Code    64  can.o(i.CAN_setAllfit)
    CanFD_config                             0x08000519   Thumb Code   238  can.o(i.CanFD_config)
    CanFdSendISO15765Data                    0x08000615   Thumb Code   198  can.o(i.CanFdSendISO15765Data)
    DebugMon_Handler                         0x080006e1   Thumb Code     2  gd32c10x_it.o(i.DebugMon_Handler)
    Delay_ms                                 0x080006e3   Thumb Code    18  timer.o(i.Delay_ms)
    Delay_us                                 0x080006f5   Thumb Code    12  timer.o(i.Delay_us)
    EXTI10_15_IRQHandler                     0x08000701   Thumb Code   230  gd32c10x_it.o(i.EXTI10_15_IRQHandler)
    FdCanInitTest                            0x080007f5   Thumb Code    20  can.o(i.FdCanInitTest)
    GetFdCanLen                              0x08000809   Thumb Code    60  can.o(i.GetFdCanLen)
    GetTimer6Cnt                             0x08000845   Thumb Code    36  timer.o(i.GetTimer6Cnt)
    HardFault_Handler                        0x08000871   Thumb Code     4  gd32c10x_it.o(i.HardFault_Handler)
    Led_Init                                 0x08000875   Thumb Code    46  bsp.o(i.Led_Init)
    MemManage_Handler                        0x080008a9   Thumb Code     4  gd32c10x_it.o(i.MemManage_Handler)
    NMI_Handler                              0x080008ad   Thumb Code     2  gd32c10x_it.o(i.NMI_Handler)
    PendSV_Handler                           0x080008af   Thumb Code     2  gd32c10x_it.o(i.PendSV_Handler)
    ReceiveUsbDate                           0x080008b1   Thumb Code    28  cdc_acm_core.o(i.ReceiveUsbDate)
    SVC_Handler                              0x080008cd   Thumb Code     2  gd32c10x_it.o(i.SVC_Handler)
    SysTick_Handler                          0x080008cf   Thumb Code     2  gd32c10x_it.o(i.SysTick_Handler)
    SystemInit                               0x080008d1   Thumb Code   150  system_gd32c10x.o(i.SystemInit)
    TIM5_config                              0x08000975   Thumb Code   100  timer.o(i.TIM5_config)
    TIM6_config                              0x080009e1   Thumb Code   100  timer.o(i.TIM6_config)
    TIMER0_BRK_TIMER8_IRQHandler             0x08000a4d   Thumb Code   442  gd32c10x_it.o(i.TIMER0_BRK_TIMER8_IRQHandler)
    TIMER1_IRQHandler                        0x08000c21   Thumb Code   948  gd32c10x_it.o(i.TIMER1_IRQHandler)
    TIMER2_IRQHandler                        0x08001009   Thumb Code     8  gd32c10x_it.o(i.TIMER2_IRQHandler)
    TIMER5_IRQHandler                        0x08001011   Thumb Code    46  gd32c10x_it.o(i.TIMER5_IRQHandler)
    TIMER6_IRQHandler                        0x08001049   Thumb Code    46  gd32c10x_it.o(i.TIMER6_IRQHandler)
    Time5Delayus                             0x08001081   Thumb Code   130  timer.o(i.Time5Delayus)
    USART1_IRQHandler                        0x0800110d   Thumb Code     2  gd32c10x_it.o(i.USART1_IRQHandler)
    USBFS_IRQHandler                         0x08001111   Thumb Code    10  gd32c10x_it.o(i.USBFS_IRQHandler)
    USBFS_WKUP_IRQHandler                    0x08001121   Thumb Code    44  gd32c10x_it.o(i.USBFS_WKUP_IRQHandler)
    UsageFault_Handler                       0x08001155   Thumb Code     4  gd32c10x_it.o(i.UsageFault_Handler)
    adc_calibration_enable                   0x0800164d   Thumb Code    42  gd32c10x_adc.o(i.adc_calibration_enable)
    adc_channel_length_config                0x08001677   Thumb Code    70  gd32c10x_adc.o(i.adc_channel_length_config)
    adc_data_alignment_config                0x080016bd   Thumb Code    22  gd32c10x_adc.o(i.adc_data_alignment_config)
    adc_enable                               0x080016d3   Thumb Code    18  gd32c10x_adc.o(i.adc_enable)
    adc_external_trigger_config              0x080016e5   Thumb Code    62  gd32c10x_adc.o(i.adc_external_trigger_config)
    adc_external_trigger_source_config       0x08001723   Thumb Code    48  gd32c10x_adc.o(i.adc_external_trigger_source_config)
    adc_mode_config                          0x08001755   Thumb Code    22  gd32c10x_adc.o(i.adc_mode_config)
    can_deinit                               0x08001771   Thumb Code    46  gd32c10x_can.o(i.can_deinit)
    can_fd_init                              0x080017a5   Thumb Code   244  gd32c10x_can.o(i.can_fd_init)
    can_filter_init                          0x08001899   Thumb Code   262  gd32c10x_can.o(i.can_filter_init)
    can_gpio_config                          0x080019a9   Thumb Code    66  can.o(i.can_gpio_config)
    can_init                                 0x080019f1   Thumb Code   420  gd32c10x_can.o(i.can_init)
    can_interrupt_enable                     0x08001b95   Thumb Code     8  gd32c10x_can.o(i.can_interrupt_enable)
    can_message_receive                      0x08001b9d   Thumb Code   448  gd32c10x_can.o(i.can_message_receive)
    can_message_transmit                     0x08001d61   Thumb Code   620  gd32c10x_can.o(i.can_message_transmit)
    can_struct_para_init                     0x08001fd5   Thumb Code   226  gd32c10x_can.o(i.can_struct_para_init)
    can_transmit_states                      0x080020b9   Thumb Code   104  gd32c10x_can.o(i.can_transmit_states)
    cdc_acm_check_ready                      0x08002135   Thumb Code    34  cdc_acm_core.o(i.cdc_acm_check_ready)
    cdc_acm_data_receive                     0x08002157   Thumb Code    28  cdc_acm_core.o(i.cdc_acm_data_receive)
    ctc_clock_limit_value_config             0x0800246d   Thumb Code    24  gd32c10x_ctc.o(i.ctc_clock_limit_value_config)
    ctc_config                               0x08002489   Thumb Code    48  gd32c10x_hw.o(i.ctc_config)
    ctc_counter_enable                       0x080024b9   Thumb Code    14  gd32c10x_ctc.o(i.ctc_counter_enable)
    ctc_counter_reload_value_config          0x080024cd   Thumb Code    22  gd32c10x_ctc.o(i.ctc_counter_reload_value_config)
    ctc_flag_get                             0x080024e9   Thumb Code    18  gd32c10x_ctc.o(i.ctc_flag_get)
    ctc_hardware_trim_mode_config            0x08002501   Thumb Code    22  gd32c10x_ctc.o(i.ctc_hardware_trim_mode_config)
    ctc_refsource_polarity_config            0x0800251d   Thumb Code    22  gd32c10x_ctc.o(i.ctc_refsource_polarity_config)
    ctc_refsource_prescaler_config           0x08002539   Thumb Code    22  gd32c10x_ctc.o(i.ctc_refsource_prescaler_config)
    ctc_refsource_signal_select              0x08002555   Thumb Code    22  gd32c10x_ctc.o(i.ctc_refsource_signal_select)
    exti_init                                0x08002571   Thumb Code   178  gd32c10x_exti.o(i.exti_init)
    exti_interrupt_enable                    0x08002629   Thumb Code    12  gd32c10x_exti.o(i.exti_interrupt_enable)
    exti_interrupt_flag_clear                0x08002639   Thumb Code     6  gd32c10x_exti.o(i.exti_interrupt_flag_clear)
    exti_interrupt_flag_get                  0x08002645   Thumb Code    32  gd32c10x_exti.o(i.exti_interrupt_flag_get)
    gpio_bit_reset                           0x08002669   Thumb Code     4  gd32c10x_gpio.o(i.gpio_bit_reset)
    gpio_bit_set                             0x0800266d   Thumb Code     4  gd32c10x_gpio.o(i.gpio_bit_set)
    gpio_init                                0x08002671   Thumb Code   188  gd32c10x_gpio.o(i.gpio_init)
    gpio_input_bit_get                       0x0800272d   Thumb Code    16  gd32c10x_gpio.o(i.gpio_input_bit_get)
    gpio_pin_remap_config                    0x0800273d   Thumb Code   138  gd32c10x_gpio.o(i.gpio_pin_remap_config)
    int_to_unicode                           0x08002869   Thumb Code    60  usbd_enum.o(i.int_to_unicode)
    main                                     0x080028a5   Thumb Code   256  app.o(i.main)
    nvic_irq_enable                          0x080029d5   Thumb Code   162  gd32c10x_misc.o(i.nvic_irq_enable)
    nvic_priority_group_set                  0x08002a81   Thumb Code    10  gd32c10x_misc.o(i.nvic_priority_group_set)
    nvic_vector_table_set                    0x08002a95   Thumb Code    16  gd32c10x_misc.o(i.nvic_vector_table_set)
    pmu_to_deepsleepmode                     0x08002aad   Thumb Code   170  gd32c10x_pmu.o(i.pmu_to_deepsleepmode)
    rcu_adc_clock_config                     0x08002b71   Thumb Code    98  gd32c10x_rcu.o(i.rcu_adc_clock_config)
    rcu_ck48m_clock_config                   0x08002bdd   Thumb Code    22  gd32c10x_rcu.o(i.rcu_ck48m_clock_config)
    rcu_clock_freq_get                       0x08002bf9   Thumb Code   352  gd32c10x_rcu.o(i.rcu_clock_freq_get)
    rcu_flag_get                             0x08002d79   Thumb Code    30  gd32c10x_rcu.o(i.rcu_flag_get)
    rcu_osci_on                              0x08002d9d   Thumb Code    28  gd32c10x_rcu.o(i.rcu_osci_on)
    rcu_osci_stab_wait                       0x08002dbd   Thumb Code   342  gd32c10x_rcu.o(i.rcu_osci_stab_wait)
    rcu_periph_clock_enable                  0x08002f19   Thumb Code    28  gd32c10x_rcu.o(i.rcu_periph_clock_enable)
    rcu_periph_reset_disable                 0x08002f39   Thumb Code    28  gd32c10x_rcu.o(i.rcu_periph_reset_disable)
    rcu_periph_reset_enable                  0x08002f59   Thumb Code    28  gd32c10x_rcu.o(i.rcu_periph_reset_enable)
    rcu_usb_clock_config                     0x08002f79   Thumb Code    18  gd32c10x_rcu.o(i.rcu_usb_clock_config)
    serial_string_get                        0x08002f91   Thumb Code    66  usbd_enum.o(i.serial_string_get)
    timer_auto_reload_shadow_enable          0x080030e1   Thumb Code    10  gd32c10x_timer.o(i.timer_auto_reload_shadow_enable)
    timer_channel_capture_value_register_read 0x080030eb   Thumb Code    42  gd32c10x_timer.o(i.timer_channel_capture_value_register_read)
    timer_channel_output_polarity_config     0x08003115   Thumb Code    92  gd32c10x_timer.o(i.timer_channel_output_polarity_config)
    timer_counter_read                       0x08003171   Thumb Code     8  gd32c10x_timer.o(i.timer_counter_read)
    timer_counter_value_config               0x08003179   Thumb Code     4  gd32c10x_timer.o(i.timer_counter_value_config)
    timer_deinit                             0x0800317d   Thumb Code   374  gd32c10x_timer.o(i.timer_deinit)
    timer_disable                            0x08003301   Thumb Code    10  gd32c10x_timer.o(i.timer_disable)
    timer_enable                             0x0800330b   Thumb Code    10  gd32c10x_timer.o(i.timer_enable)
    timer_init                               0x08003315   Thumb Code   134  gd32c10x_timer.o(i.timer_init)
    timer_interrupt_disable                  0x080033b9   Thumb Code     8  gd32c10x_timer.o(i.timer_interrupt_disable)
    timer_interrupt_enable                   0x080033c1   Thumb Code     8  gd32c10x_timer.o(i.timer_interrupt_enable)
    timer_interrupt_flag_clear               0x080033c9   Thumb Code     6  gd32c10x_timer.o(i.timer_interrupt_flag_clear)
    timer_interrupt_flag_get                 0x080033cf   Thumb Code    24  gd32c10x_timer.o(i.timer_interrupt_flag_get)
    timer_struct_para_init                   0x080033e7   Thumb Code    22  gd32c10x_timer.o(i.timer_struct_para_init)
    usb_basic_init                           0x080033fd   Thumb Code   218  drv_usb_core.o(i.usb_basic_init)
    usb_clock_active                         0x080034d7   Thumb Code    32  drv_usb_dev.o(i.usb_clock_active)
    usb_core_init                            0x080034f9   Thumb Code   178  drv_usb_core.o(i.usb_core_init)
    usb_ctlep_startout                       0x080035d9   Thumb Code    34  drv_usb_dev.o(i.usb_ctlep_startout)
    usb_curmode_set                          0x08003601   Thumb Code    46  drv_usb_core.o(i.usb_curmode_set)
    usb_devcore_init                         0x08003631   Thumb Code   330  drv_usb_dev.o(i.usb_devcore_init)
    usb_devint_enable                        0x08003781   Thumb Code    56  drv_usb_dev.o(i.usb_devint_enable)
    usb_iepintr_read                         0x080037c1   Thumb Code    42  drv_usb_dev.o(i.usb_iepintr_read)
    usb_intr_config                          0x080037eb   Thumb Code    68  gd32c10x_hw.o(i.usb_intr_config)
    usb_mdelay                               0x0800382f   Thumb Code    14  gd32c10x_hw.o(i.usb_mdelay)
    usb_rcu_config                           0x0800383d   Thumb Code   130  gd32c10x_hw.o(i.usb_rcu_config)
    usb_rxfifo_flush                         0x080038d9   Thumb Code    34  drv_usb_core.o(i.usb_rxfifo_flush)
    usb_rxfifo_read                          0x080038fb   Thumb Code    30  drv_usb_core.o(i.usb_rxfifo_read)
    usb_set_txfifo                           0x08003919   Thumb Code    72  drv_usb_core.o(i.usb_set_txfifo)
    usb_timer_init                           0x08003961   Thumb Code    40  gd32c10x_hw.o(i.usb_timer_init)
    usb_timer_irq                            0x08003989   Thumb Code    46  gd32c10x_hw.o(i.usb_timer_irq)
    usb_transc_active                        0x080039c1   Thumb Code   142  drv_usb_dev.o(i.usb_transc_active)
    usb_transc_clrstall                      0x08003a59   Thumb Code    68  drv_usb_dev.o(i.usb_transc_clrstall)
    usb_transc_deactivate                    0x08003a9d   Thumb Code   100  drv_usb_dev.o(i.usb_transc_deactivate)
    usb_transc_inxfer                        0x08003b01   Thumb Code   268  drv_usb_dev.o(i.usb_transc_inxfer)
    usb_transc_outxfer                       0x08003c0d   Thumb Code   144  drv_usb_dev.o(i.usb_transc_outxfer)
    usb_transc_stall                         0x08003c9d   Thumb Code    66  drv_usb_dev.o(i.usb_transc_stall)
    usb_txfifo_flush                         0x08003cdf   Thumb Code    40  drv_usb_core.o(i.usb_txfifo_flush)
    usb_txfifo_write                         0x08003d07   Thumb Code    34  drv_usb_core.o(i.usb_txfifo_write)
    usb_udelay                               0x08003d29   Thumb Code    14  gd32c10x_hw.o(i.usb_udelay)
    usbd_class_request                       0x08003d37   Thumb Code    38  usbd_enum.o(i.usbd_class_request)
    usbd_connect                             0x08003d5d   Thumb Code    28  usbd_core.o(i.usbd_connect)
    usbd_ctl_recev                           0x08003d79   Thumb Code    46  usbd_transc.o(i.usbd_ctl_recev)
    usbd_ctl_send                            0x08003da7   Thumb Code    46  usbd_transc.o(i.usbd_ctl_send)
    usbd_ctl_status_recev                    0x08003dd5   Thumb Code    32  usbd_transc.o(i.usbd_ctl_status_recev)
    usbd_ctl_status_send                     0x08003df5   Thumb Code    32  usbd_transc.o(i.usbd_ctl_status_send)
    usbd_disconnect                          0x08003e15   Thumb Code    28  usbd_core.o(i.usbd_disconnect)
    usbd_enum_error                          0x08003ebd   Thumb Code    30  usbd_enum.o(i.usbd_enum_error)
    usbd_ep_clear                            0x08003edb   Thumb Code    52  usbd_core.o(i.usbd_ep_clear)
    usbd_ep_recev                            0x08003f0f   Thumb Code    60  usbd_core.o(i.usbd_ep_recev)
    usbd_ep_send                             0x08003f4b   Thumb Code    60  usbd_core.o(i.usbd_ep_send)
    usbd_ep_setup                            0x08003f89   Thumb Code   106  usbd_core.o(i.usbd_ep_setup)
    usbd_ep_stall                            0x08003ff9   Thumb Code    58  usbd_core.o(i.usbd_ep_stall)
    usbd_ep_stall_clear                      0x08004033   Thumb Code    58  usbd_core.o(i.usbd_ep_stall_clear)
    usbd_in_transc                           0x0800406d   Thumb Code   160  usbd_transc.o(i.usbd_in_transc)
    usbd_init                                0x0800410d   Thumb Code   124  usbd_core.o(i.usbd_init)
    usbd_isr                                 0x08004539   Thumb Code   222  drv_usbd_int.o(i.usbd_isr)
    usbd_out_transc                          0x08004617   Thumb Code   132  usbd_transc.o(i.usbd_out_transc)
    usbd_setup_transc                        0x0800469b   Thumb Code   132  usbd_transc.o(i.usbd_setup_transc)
    usbd_standard_request                    0x08004721   Thumb Code    22  usbd_enum.o(i.usbd_standard_request)
    usbd_vendor_request                      0x0800473d   Thumb Code     6  usbd_enum.o(i.usbd_vendor_request)
    _fp_init                                 0x08004743   Thumb Code    10  fpinit.o(x$fpl$fpinit)
    __fplib_config_fpu_vfp                   0x0800474b   Thumb Code     0  fpinit.o(x$fpl$fpinit)
    __fplib_config_pureend_doubles           0x0800474b   Thumb Code     0  fpinit.o(x$fpl$fpinit)
    g_can_fdlength_table                     0x08004764   Data           7  gd32c10x_can.o(.constdata)
    ep_type                                  0x0800487c   Data          16  usbd_core.o(.constdata)
    cdc_dev_desc                             0x0800488c   Data          18  cdc_acm_core.o(.constdata)
    cdc_config_desc                          0x0800489e   Data          67  cdc_acm_core.o(.constdata)
    usbd_cdc_strings                         0x080049ec   Data          16  cdc_acm_core.o(.constdata)
    CANBAUD                                  0x08004a04   Data          40  can.o(.constdata)
    CANBAUD_data                             0x08004a2c   Data         160  can.o(.constdata)
    Region$$Table$$Base                      0x08004acc   Number         0  anon$$obj.o(Region$$Table)
    Region$$Table$$Limit                     0x08004aec   Number         0  anon$$obj.o(Region$$Table)
    delay_time                               0x20000000   Data           4  gd32c10x_hw.o(.data)
    timer_prescaler                          0x20000004   Data           2  gd32c10x_hw.o(.data)
    usbfs_prescaler                          0x20000008   Data           4  gd32c10x_hw.o(.data)
    iRxUsbLen                                0x2000005c   Data           2  cdc_acm_core.o(.data)
    iRxUsbFlag                               0x2000005e   Data           2  cdc_acm_core.o(.data)
    LenFlag                                  0x20000060   Data           2  cdc_acm_core.o(.data)
    iVcpRxLen                                0x20000062   Data           2  cdc_acm_core.o(.data)
    iVcpRxCmt                                0x20000064   Data           2  cdc_acm_core.o(.data)
    iMuxFlag                                 0x20000066   Data           1  cdc_acm_core.o(.data)
    iMuxCmt                                  0x20000068   Data           4  cdc_acm_core.o(.data)
    iMuxSum                                  0x2000006c   Data           4  cdc_acm_core.o(.data)
    iUsbSendFlag                             0x20000070   Data           1  cdc_acm_core.o(.data)
    cdc_desc                                 0x200000f4   Data          16  cdc_acm_core.o(.data)
    cdc_class                                0x20000104   Data          48  cdc_acm_core.o(.data)
    iTimeCmt                                 0x20000134   Data           4  bsp.o(.data)
    iTime5Cmt                                0x20000138   Data           4  bsp.o(.data)
    iTime6Cmt                                0x2000013c   Data           4  bsp.o(.data)
    iTim1Value                               0x20000140   Data           4  bsp.o(.data)
    iKwpIndexTime                            0x20000144   Data           1  bsp.o(.data)
    iHBitSum                                 0x20000146   Data           2  bsp.o(.data)
    iLBitSum                                 0x20000148   Data           2  bsp.o(.data)
    iJ1850EofFlag                            0x2000014a   Data           1  bsp.o(.data)
    iReCount                                 0x2000014c   Data           4  bsp.o(.data)
    iFdCanFlag                               0x20000150   Data           1  bsp.o(.data)
    iTimeFlag                                0x20000151   Data           1  bsp.o(.data)
    iIsoStatCom                              0x20000152   Data           1  bsp.o(.data)
    iKlineAdd                                0x20000153   Data           1  bsp.o(.data)
    iKlineBaud                               0x20000154   Data           2  bsp.o(.data)
    iKlineKey1                               0x20000156   Data           1  bsp.o(.data)
    iKlineKey2                               0x20000157   Data           1  bsp.o(.data)
    iPartValue                               0x20000158   Data           1  bsp.o(.data)
    iKDataMode                               0x20000159   Data           1  bsp.o(.data)
    SJW                                      0x2000015a   Data           1  bsp.o(.data)
    BS1                                      0x2000015b   Data           1  bsp.o(.data)
    BS2                                      0x2000015c   Data           1  bsp.o(.data)
    Brp                                      0x2000015d   Data           1  bsp.o(.data)
    DataSJW                                  0x2000015e   Data           1  bsp.o(.data)
    DataBS1                                  0x2000015f   Data           1  bsp.o(.data)
    DataBS2                                  0x20000160   Data           1  bsp.o(.data)
    DataBrp                                  0x20000161   Data           1  bsp.o(.data)
    FdMode                                   0x20000162   Data           1  bsp.o(.data)
    FdBrs                                    0x20000163   Data           1  bsp.o(.data)
    Fd_Working_mode                          0x20000164   Data           1  bsp.o(.data)
    Ledflag                                  0x20000165   Data           1  bsp.o(.data)
    iEcuFlag                                 0x20000166   Data           1  bsp.o(.data)
    iSendComValue                            0x20000168   Data           2  bsp.o(.data)
    iCanSendSum                              0x2000016a   Data           2  bsp.o(.data)
    iCan30flag                               0x2000016c   Data           1  bsp.o(.data)
    iCan30Sum                                0x2000016d   Data           1  bsp.o(.data)
    iAdcValue                                0x2000016e   Data           2  bsp.o(.data)
    KwpBaud                                  0x20000170   Data           2  bsp.o(.data)
    KwpAdd                                   0x20000172   Data           1  bsp.o(.data)
    KwpKey1                                  0x20000173   Data           1  bsp.o(.data)
    KwpKey2                                  0x20000174   Data           1  bsp.o(.data)
    KwpValue                                 0x20000175   Data           1  bsp.o(.data)
    KwpReFlag                                0x20000176   Data           1  bsp.o(.data)
    iKwpLastSendValue                        0x20000177   Data           1  bsp.o(.data)
    iUsbRecFlag                              0x20000178   Data           1  bsp.o(.data)
    cdc_acm                                  0x2000017c   Data        1084  app.o(.bss)
    RxLenBuf                                 0x200005c8   Data          10  cdc_acm_core.o(.bss)
    BUF_MO                                   0x2000062c   Data        4096  bsp.o(.bss)
    BUF_MOCAN                                0x2000162c   Data        4096  bsp.o(.bss)
    j1850_Hbit                               0x2000262c   Data         500  bsp.o(.bss)
    j1850_Lbit                               0x20002820   Data         500  bsp.o(.bss)
    ReDataStr                                0x20002a14   Data        7168  bsp.o(.bss)
    __libspace_start                         0x20004614   Data          96  libspace.o(.bss)
    __temporary_stack_top$libspace           0x20004674   Data           0  libspace.o(.bss)



==============================================================================

Memory Map of the image

  Image Entry point : 0x08000151

  Load Region LR_IROM1 (Base: 0x08000000, Size: 0x00004c68, Max: 0x00020000, ABSOLUTE, COMPRESSED[0x00004b58])

    Execution Region ER_IROM1 (Exec base: 0x08000000, Load base: 0x08000000, Size: 0x00004aec, Max: 0x00020000, ABSOLUTE)

    Exec Addr    Load Addr    Size         Type   Attr      Idx    E Section Name        Object

    0x08000000   0x08000000   0x00000150   Data   RO         4952    RESET               startup_gd32c10x.o
    0x08000150   0x08000150   0x00000008   Code   RO         5336  * !!!main             c_w.l(__main.o)
    0x08000158   0x08000158   0x00000034   Code   RO         5495    !!!scatter          c_w.l(__scatter.o)
    0x0800018c   0x0800018c   0x0000005a   Code   RO         5493    !!dczerorl2         c_w.l(__dczerorl2.o)
    0x080001e6   0x080001e6   0x00000002   PAD
    0x080001e8   0x080001e8   0x0000001c   Code   RO         5497    !!handler_zi        c_w.l(__scatter_zi.o)
    0x08000204   0x08000204   0x00000002   Code   RO         5363    .ARM.Collect$$libinit$$00000000  c_w.l(libinit.o)
    0x08000206   0x08000206   0x00000004   Code   RO         5369    .ARM.Collect$$libinit$$00000001  c_w.l(libinit2.o)
    0x0800020a   0x0800020a   0x00000000   Code   RO         5372    .ARM.Collect$$libinit$$00000004  c_w.l(libinit2.o)
    0x0800020a   0x0800020a   0x00000000   Code   RO         5375    .ARM.Collect$$libinit$$0000000A  c_w.l(libinit2.o)
    0x0800020a   0x0800020a   0x00000000   Code   RO         5377    .ARM.Collect$$libinit$$0000000C  c_w.l(libinit2.o)
    0x0800020a   0x0800020a   0x00000000   Code   RO         5379    .ARM.Collect$$libinit$$0000000E  c_w.l(libinit2.o)
    0x0800020a   0x0800020a   0x00000000   Code   RO         5382    .ARM.Collect$$libinit$$00000011  c_w.l(libinit2.o)
    0x0800020a   0x0800020a   0x00000000   Code   RO         5384    .ARM.Collect$$libinit$$00000013  c_w.l(libinit2.o)
    0x0800020a   0x0800020a   0x00000000   Code   RO         5386    .ARM.Collect$$libinit$$00000015  c_w.l(libinit2.o)
    0x0800020a   0x0800020a   0x00000000   Code   RO         5388    .ARM.Collect$$libinit$$00000017  c_w.l(libinit2.o)
    0x0800020a   0x0800020a   0x00000000   Code   RO         5390    .ARM.Collect$$libinit$$00000019  c_w.l(libinit2.o)
    0x0800020a   0x0800020a   0x00000000   Code   RO         5392    .ARM.Collect$$libinit$$0000001B  c_w.l(libinit2.o)
    0x0800020a   0x0800020a   0x00000000   Code   RO         5394    .ARM.Collect$$libinit$$0000001D  c_w.l(libinit2.o)
    0x0800020a   0x0800020a   0x00000000   Code   RO         5396    .ARM.Collect$$libinit$$0000001F  c_w.l(libinit2.o)
    0x0800020a   0x0800020a   0x00000000   Code   RO         5398    .ARM.Collect$$libinit$$00000021  c_w.l(libinit2.o)
    0x0800020a   0x0800020a   0x00000000   Code   RO         5400    .ARM.Collect$$libinit$$00000023  c_w.l(libinit2.o)
    0x0800020a   0x0800020a   0x00000000   Code   RO         5402    .ARM.Collect$$libinit$$00000025  c_w.l(libinit2.o)
    0x0800020a   0x0800020a   0x00000000   Code   RO         5406    .ARM.Collect$$libinit$$0000002C  c_w.l(libinit2.o)
    0x0800020a   0x0800020a   0x00000000   Code   RO         5408    .ARM.Collect$$libinit$$0000002E  c_w.l(libinit2.o)
    0x0800020a   0x0800020a   0x00000000   Code   RO         5410    .ARM.Collect$$libinit$$00000030  c_w.l(libinit2.o)
    0x0800020a   0x0800020a   0x00000000   Code   RO         5412    .ARM.Collect$$libinit$$00000032  c_w.l(libinit2.o)
    0x0800020a   0x0800020a   0x00000002   Code   RO         5413    .ARM.Collect$$libinit$$00000033  c_w.l(libinit2.o)
    0x0800020c   0x0800020c   0x00000002   Code   RO         5433    .ARM.Collect$$libshutdown$$00000000  c_w.l(libshutdown.o)
    0x0800020e   0x0800020e   0x00000000   Code   RO         5446    .ARM.Collect$$libshutdown$$00000002  c_w.l(libshutdown2.o)
    0x0800020e   0x0800020e   0x00000000   Code   RO         5448    .ARM.Collect$$libshutdown$$00000004  c_w.l(libshutdown2.o)
    0x0800020e   0x0800020e   0x00000000   Code   RO         5451    .ARM.Collect$$libshutdown$$00000007  c_w.l(libshutdown2.o)
    0x0800020e   0x0800020e   0x00000000   Code   RO         5454    .ARM.Collect$$libshutdown$$0000000A  c_w.l(libshutdown2.o)
    0x0800020e   0x0800020e   0x00000000   Code   RO         5456    .ARM.Collect$$libshutdown$$0000000C  c_w.l(libshutdown2.o)
    0x0800020e   0x0800020e   0x00000000   Code   RO         5459    .ARM.Collect$$libshutdown$$0000000F  c_w.l(libshutdown2.o)
    0x0800020e   0x0800020e   0x00000002   Code   RO         5460    .ARM.Collect$$libshutdown$$00000010  c_w.l(libshutdown2.o)
    0x08000210   0x08000210   0x00000000   Code   RO         5338    .ARM.Collect$$rtentry$$00000000  c_w.l(__rtentry.o)
    0x08000210   0x08000210   0x00000000   Code   RO         5340    .ARM.Collect$$rtentry$$00000002  c_w.l(__rtentry2.o)
    0x08000210   0x08000210   0x00000006   Code   RO         5352    .ARM.Collect$$rtentry$$00000004  c_w.l(__rtentry4.o)
    0x08000216   0x08000216   0x00000000   Code   RO         5342    .ARM.Collect$$rtentry$$00000009  c_w.l(__rtentry2.o)
    0x08000216   0x08000216   0x00000004   Code   RO         5343    .ARM.Collect$$rtentry$$0000000A  c_w.l(__rtentry2.o)
    0x0800021a   0x0800021a   0x00000000   Code   RO         5345    .ARM.Collect$$rtentry$$0000000C  c_w.l(__rtentry2.o)
    0x0800021a   0x0800021a   0x00000008   Code   RO         5346    .ARM.Collect$$rtentry$$0000000D  c_w.l(__rtentry2.o)
    0x08000222   0x08000222   0x00000002   Code   RO         5367    .ARM.Collect$$rtexit$$00000000  c_w.l(rtexit.o)
    0x08000224   0x08000224   0x00000000   Code   RO         5415    .ARM.Collect$$rtexit$$00000002  c_w.l(rtexit2.o)
    0x08000224   0x08000224   0x00000004   Code   RO         5416    .ARM.Collect$$rtexit$$00000003  c_w.l(rtexit2.o)
    0x08000228   0x08000228   0x00000006   Code   RO         5417    .ARM.Collect$$rtexit$$00000004  c_w.l(rtexit2.o)
    0x0800022e   0x0800022e   0x00000002   PAD
    0x08000230   0x08000230   0x00000040   Code   RO         4953    .text               startup_gd32c10x.o
    0x08000270   0x08000270   0x0000008a   Code   RO         5328    .text               c_w.l(rt_memcpy_v6.o)
    0x080002fa   0x080002fa   0x00000064   Code   RO         5330    .text               c_w.l(rt_memcpy_w.o)
    0x0800035e   0x0800035e   0x0000004e   Code   RO         5332    .text               c_w.l(rt_memclr_w.o)
    0x080003ac   0x080003ac   0x00000006   Code   RO         5334    .text               c_w.l(heapauxi.o)
    0x080003b2   0x080003b2   0x0000004a   Code   RO         5354    .text               c_w.l(sys_stackheap_outer.o)
    0x080003fc   0x080003fc   0x00000012   Code   RO         5356    .text               c_w.l(exit.o)
    0x0800040e   0x0800040e   0x00000002   PAD
    0x08000410   0x08000410   0x00000008   Code   RO         5364    .text               c_w.l(libspace.o)
    0x08000418   0x08000418   0x0000000c   Code   RO         5425    .text               c_w.l(sys_exit.o)
    0x08000424   0x08000424   0x00000002   Code   RO         5436    .text               c_w.l(use_no_semi.o)
    0x08000426   0x08000426   0x00000000   Code   RO         5438    .text               c_w.l(indicate_semi.o)
    0x08000426   0x08000426   0x00000002   PAD
    0x08000428   0x08000428   0x00000078   Code   RO         4959    i.Adc_Init          bsp.o
    0x080004a0   0x080004a0   0x00000004   Code   RO          351    i.BusFault_Handler  gd32c10x_it.o
    0x080004a4   0x080004a4   0x0000001c   Code   RO          352    i.CAN0_RX0_IRQHandler  gd32c10x_it.o
    0x080004c0   0x080004c0   0x00000018   Code   RO          353    i.CAN1_RX0_IRQHandler  gd32c10x_it.o
    0x080004d8   0x080004d8   0x00000040   Code   RO         5042    i.CAN_setAllfit     can.o
    0x08000518   0x08000518   0x000000fc   Code   RO         5044    i.CanFD_config      can.o
    0x08000614   0x08000614   0x000000cc   Code   RO         5045    i.CanFdSendISO15765Data  can.o
    0x080006e0   0x080006e0   0x00000002   Code   RO          354    i.DebugMon_Handler  gd32c10x_it.o
    0x080006e2   0x080006e2   0x00000012   Code   RO         5203    i.Delay_ms          timer.o
    0x080006f4   0x080006f4   0x0000000c   Code   RO         5204    i.Delay_us          timer.o
    0x08000700   0x08000700   0x000000f4   Code   RO          355    i.EXTI10_15_IRQHandler  gd32c10x_it.o
    0x080007f4   0x080007f4   0x00000014   Code   RO         5048    i.FdCanInitTest     can.o
    0x08000808   0x08000808   0x0000003c   Code   RO         5050    i.GetFdCanLen       can.o
    0x08000844   0x08000844   0x0000002c   Code   RO         5205    i.GetTimer6Cnt      timer.o
    0x08000870   0x08000870   0x00000004   Code   RO          357    i.HardFault_Handler  gd32c10x_it.o
    0x08000874   0x08000874   0x00000034   Code   RO         4961    i.Led_Init          bsp.o
    0x080008a8   0x080008a8   0x00000004   Code   RO          358    i.MemManage_Handler  gd32c10x_it.o
    0x080008ac   0x080008ac   0x00000002   Code   RO          359    i.NMI_Handler       gd32c10x_it.o
    0x080008ae   0x080008ae   0x00000002   Code   RO          360    i.PendSV_Handler    gd32c10x_it.o
    0x080008b0   0x080008b0   0x0000001c   Code   RO         4858    i.ReceiveUsbDate    cdc_acm_core.o
    0x080008cc   0x080008cc   0x00000002   Code   RO          361    i.SVC_Handler       gd32c10x_it.o
    0x080008ce   0x080008ce   0x00000002   Code   RO          362    i.SysTick_Handler   gd32c10x_it.o
    0x080008d0   0x080008d0   0x000000a4   Code   RO          631    i.SystemInit        system_gd32c10x.o
    0x08000974   0x08000974   0x0000006c   Code   RO         5211    i.TIM5_config       timer.o
    0x080009e0   0x080009e0   0x0000006c   Code   RO         5212    i.TIM6_config       timer.o
    0x08000a4c   0x08000a4c   0x000001d4   Code   RO          363    i.TIMER0_BRK_TIMER8_IRQHandler  gd32c10x_it.o
    0x08000c20   0x08000c20   0x000003e8   Code   RO          366    i.TIMER1_IRQHandler  gd32c10x_it.o
    0x08001008   0x08001008   0x00000008   Code   RO          367    i.TIMER2_IRQHandler  gd32c10x_it.o
    0x08001010   0x08001010   0x00000038   Code   RO          368    i.TIMER5_IRQHandler  gd32c10x_it.o
    0x08001048   0x08001048   0x00000038   Code   RO          369    i.TIMER6_IRQHandler  gd32c10x_it.o
    0x08001080   0x08001080   0x0000008c   Code   RO         5215    i.Time5Delayus      timer.o
    0x0800110c   0x0800110c   0x00000002   Code   RO          370    i.USART1_IRQHandler  gd32c10x_it.o
    0x0800110e   0x0800110e   0x00000002   PAD
    0x08001110   0x08001110   0x00000010   Code   RO          371    i.USBFS_IRQHandler  gd32c10x_it.o
    0x08001120   0x08001120   0x00000034   Code   RO          372    i.USBFS_WKUP_IRQHandler  gd32c10x_it.o
    0x08001154   0x08001154   0x00000004   Code   RO          373    i.UsageFault_Handler  gd32c10x_it.o
    0x08001158   0x08001158   0x00000014   Code   RO         4657    i._usb_bos_desc_get  usbd_enum.o
    0x0800116c   0x0800116c   0x00000022   Code   RO         4658    i._usb_config_desc_get  usbd_enum.o
    0x0800118e   0x0800118e   0x00000014   Code   RO         4659    i._usb_dev_desc_get  usbd_enum.o
    0x080011a2   0x080011a2   0x00000074   Code   RO         4660    i._usb_std_clearfeature  usbd_enum.o
    0x08001216   0x08001216   0x00000040   Code   RO         4661    i._usb_std_getconfiguration  usbd_enum.o
    0x08001256   0x08001256   0x00000002   PAD
    0x08001258   0x08001258   0x00000110   Code   RO         4662    i._usb_std_getdescriptor  usbd_enum.o
    0x08001368   0x08001368   0x0000003c   Code   RO         4663    i._usb_std_getinterface  usbd_enum.o
    0x080013a4   0x080013a4   0x000000c4   Code   RO         4664    i._usb_std_getstatus  usbd_enum.o
    0x08001468   0x08001468   0x00000006   Code   RO         4665    i._usb_std_reserved  usbd_enum.o
    0x0800146e   0x0800146e   0x0000005c   Code   RO         4666    i._usb_std_setaddress  usbd_enum.o
    0x080014ca   0x080014ca   0x00000002   PAD
    0x080014cc   0x080014cc   0x000000b4   Code   RO         4667    i._usb_std_setconfiguration  usbd_enum.o
    0x08001580   0x08001580   0x00000006   Code   RO         4668    i._usb_std_setdescriptor  usbd_enum.o
    0x08001586   0x08001586   0x00000068   Code   RO         4669    i._usb_std_setfeature  usbd_enum.o
    0x080015ee   0x080015ee   0x00000044   Code   RO         4670    i._usb_std_setinterface  usbd_enum.o
    0x08001632   0x08001632   0x00000006   Code   RO         4671    i._usb_std_synchframe  usbd_enum.o
    0x08001638   0x08001638   0x00000014   Code   RO         4672    i._usb_str_desc_get  usbd_enum.o
    0x0800164c   0x0800164c   0x0000002a   Code   RO          672    i.adc_calibration_enable  gd32c10x_adc.o
    0x08001676   0x08001676   0x00000046   Code   RO          673    i.adc_channel_length_config  gd32c10x_adc.o
    0x080016bc   0x080016bc   0x00000016   Code   RO          674    i.adc_data_alignment_config  gd32c10x_adc.o
    0x080016d2   0x080016d2   0x00000012   Code   RO          680    i.adc_enable        gd32c10x_adc.o
    0x080016e4   0x080016e4   0x0000003e   Code   RO          681    i.adc_external_trigger_config  gd32c10x_adc.o
    0x08001722   0x08001722   0x00000030   Code   RO          682    i.adc_external_trigger_source_config  gd32c10x_adc.o
    0x08001752   0x08001752   0x00000002   PAD
    0x08001754   0x08001754   0x0000001c   Code   RO          693    i.adc_mode_config   gd32c10x_adc.o
    0x08001770   0x08001770   0x00000034   Code   RO         1051    i.can_deinit        gd32c10x_can.o
    0x080017a4   0x080017a4   0x000000f4   Code   RO         1056    i.can_fd_init       gd32c10x_can.o
    0x08001898   0x08001898   0x00000110   Code   RO         1058    i.can_filter_init   gd32c10x_can.o
    0x080019a8   0x080019a8   0x00000048   Code   RO         5062    i.can_gpio_config   can.o
    0x080019f0   0x080019f0   0x000001a4   Code   RO         1063    i.can_init          gd32c10x_can.o
    0x08001b94   0x08001b94   0x00000008   Code   RO         1065    i.can_interrupt_enable  gd32c10x_can.o
    0x08001b9c   0x08001b9c   0x000001c4   Code   RO         1068    i.can_message_receive  gd32c10x_can.o
    0x08001d60   0x08001d60   0x00000274   Code   RO         1069    i.can_message_transmit  gd32c10x_can.o
    0x08001fd4   0x08001fd4   0x000000e2   Code   RO         1073    i.can_struct_para_init  gd32c10x_can.o
    0x080020b6   0x080020b6   0x00000002   PAD
    0x080020b8   0x080020b8   0x0000007c   Code   RO         1078    i.can_transmit_states  gd32c10x_can.o
    0x08002134   0x08002134   0x00000022   Code   RO         4860    i.cdc_acm_check_ready  cdc_acm_core.o
    0x08002156   0x08002156   0x0000001c   Code   RO         4861    i.cdc_acm_data_receive  cdc_acm_core.o
    0x08002172   0x08002172   0x00000022   Code   RO         4863    i.cdc_acm_deinit    cdc_acm_core.o
    0x08002194   0x08002194   0x00000050   Code   RO         4864    i.cdc_acm_in        cdc_acm_core.o
    0x080021e4   0x080021e4   0x00000060   Code   RO         4865    i.cdc_acm_init      cdc_acm_core.o
    0x08002244   0x08002244   0x00000124   Code   RO         4866    i.cdc_acm_out       cdc_acm_core.o
    0x08002368   0x08002368   0x000000b0   Code   RO         4867    i.cdc_acm_req       cdc_acm_core.o
    0x08002418   0x08002418   0x00000052   Code   RO         4868    i.cdc_ctlx_out      cdc_acm_core.o
    0x0800246a   0x0800246a   0x00000002   PAD
    0x0800246c   0x0800246c   0x0000001c   Code   RO         1329    i.ctc_clock_limit_value_config  gd32c10x_ctc.o
    0x08002488   0x08002488   0x00000030   Code   RO          184    i.ctc_config        gd32c10x_hw.o
    0x080024b8   0x080024b8   0x00000014   Code   RO         1333    i.ctc_counter_enable  gd32c10x_ctc.o
    0x080024cc   0x080024cc   0x0000001c   Code   RO         1334    i.ctc_counter_reload_value_config  gd32c10x_ctc.o
    0x080024e8   0x080024e8   0x00000018   Code   RO         1338    i.ctc_flag_get      gd32c10x_ctc.o
    0x08002500   0x08002500   0x0000001c   Code   RO         1339    i.ctc_hardware_trim_mode_config  gd32c10x_ctc.o
    0x0800251c   0x0800251c   0x0000001c   Code   RO         1346    i.ctc_refsource_polarity_config  gd32c10x_ctc.o
    0x08002538   0x08002538   0x0000001c   Code   RO         1347    i.ctc_refsource_prescaler_config  gd32c10x_ctc.o
    0x08002554   0x08002554   0x0000001c   Code   RO         1348    i.ctc_refsource_signal_select  gd32c10x_ctc.o
    0x08002570   0x08002570   0x000000b8   Code   RO         1935    i.exti_init         gd32c10x_exti.o
    0x08002628   0x08002628   0x00000010   Code   RO         1937    i.exti_interrupt_enable  gd32c10x_exti.o
    0x08002638   0x08002638   0x0000000c   Code   RO         1938    i.exti_interrupt_flag_clear  gd32c10x_exti.o
    0x08002644   0x08002644   0x00000024   Code   RO         1939    i.exti_interrupt_flag_get  gd32c10x_exti.o
    0x08002668   0x08002668   0x00000004   Code   RO         2289    i.gpio_bit_reset    gd32c10x_gpio.o
    0x0800266c   0x0800266c   0x00000004   Code   RO         2290    i.gpio_bit_set      gd32c10x_gpio.o
    0x08002670   0x08002670   0x000000bc   Code   RO         2299    i.gpio_init         gd32c10x_gpio.o
    0x0800272c   0x0800272c   0x00000010   Code   RO         2300    i.gpio_input_bit_get  gd32c10x_gpio.o
    0x0800273c   0x0800273c   0x00000090   Code   RO         2305    i.gpio_pin_remap_config  gd32c10x_gpio.o
    0x080027cc   0x080027cc   0x0000002c   Code   RO          185    i.hw_delay          gd32c10x_hw.o
    0x080027f8   0x080027f8   0x00000070   Code   RO          186    i.hw_time_set       gd32c10x_hw.o
    0x08002868   0x08002868   0x0000003c   Code   RO         4673    i.int_to_unicode    usbd_enum.o
    0x080028a4   0x080028a4   0x00000130   Code   RO            3    i.main              app.o
    0x080029d4   0x080029d4   0x000000ac   Code   RO         2641    i.nvic_irq_enable   gd32c10x_misc.o
    0x08002a80   0x08002a80   0x00000014   Code   RO         2642    i.nvic_priority_group_set  gd32c10x_misc.o
    0x08002a94   0x08002a94   0x00000018   Code   RO         2643    i.nvic_vector_table_set  gd32c10x_misc.o
    0x08002aac   0x08002aac   0x000000c4   Code   RO         2704    i.pmu_to_deepsleepmode  gd32c10x_pmu.o
    0x08002b70   0x08002b70   0x0000006c   Code   RO         2789    i.rcu_adc_clock_config  gd32c10x_rcu.o
    0x08002bdc   0x08002bdc   0x0000001c   Code   RO         2796    i.rcu_ck48m_clock_config  gd32c10x_rcu.o
    0x08002bf8   0x08002bf8   0x00000180   Code   RO         2798    i.rcu_clock_freq_get  gd32c10x_rcu.o
    0x08002d78   0x08002d78   0x00000024   Code   RO         2801    i.rcu_flag_get      gd32c10x_rcu.o
    0x08002d9c   0x08002d9c   0x00000020   Code   RO         2815    i.rcu_osci_on       gd32c10x_rcu.o
    0x08002dbc   0x08002dbc   0x0000015c   Code   RO         2816    i.rcu_osci_stab_wait  gd32c10x_rcu.o
    0x08002f18   0x08002f18   0x00000020   Code   RO         2818    i.rcu_periph_clock_enable  gd32c10x_rcu.o
    0x08002f38   0x08002f38   0x00000020   Code   RO         2821    i.rcu_periph_reset_disable  gd32c10x_rcu.o
    0x08002f58   0x08002f58   0x00000020   Code   RO         2822    i.rcu_periph_reset_enable  gd32c10x_rcu.o
    0x08002f78   0x08002f78   0x00000018   Code   RO         2832    i.rcu_usb_clock_config  gd32c10x_rcu.o
    0x08002f90   0x08002f90   0x0000004c   Code   RO         4674    i.serial_string_get  usbd_enum.o
    0x08002fdc   0x08002fdc   0x000000fc   Code   RO          632    i.system_clock_120m_hxtal  system_gd32c10x.o
    0x080030d8   0x080030d8   0x00000008   Code   RO          633    i.system_clock_config  system_gd32c10x.o
    0x080030e0   0x080030e0   0x0000000a   Code   RO         3426    i.timer_auto_reload_shadow_enable  gd32c10x_timer.o
    0x080030ea   0x080030ea   0x0000002a   Code   RO         3434    i.timer_channel_capture_value_register_read  gd32c10x_timer.o
    0x08003114   0x08003114   0x0000005c   Code   RO         3446    i.timer_channel_output_polarity_config  gd32c10x_timer.o
    0x08003170   0x08003170   0x00000008   Code   RO         3453    i.timer_counter_read  gd32c10x_timer.o
    0x08003178   0x08003178   0x00000004   Code   RO         3455    i.timer_counter_value_config  gd32c10x_timer.o
    0x0800317c   0x0800317c   0x00000184   Code   RO         3456    i.timer_deinit      gd32c10x_timer.o
    0x08003300   0x08003300   0x0000000a   Code   RO         3457    i.timer_disable     gd32c10x_timer.o
    0x0800330a   0x0800330a   0x0000000a   Code   RO         3461    i.timer_enable      gd32c10x_timer.o
    0x08003314   0x08003314   0x000000a4   Code   RO         3471    i.timer_init        gd32c10x_timer.o
    0x080033b8   0x080033b8   0x00000008   Code   RO         3477    i.timer_interrupt_disable  gd32c10x_timer.o
    0x080033c0   0x080033c0   0x00000008   Code   RO         3478    i.timer_interrupt_enable  gd32c10x_timer.o
    0x080033c8   0x080033c8   0x00000006   Code   RO         3479    i.timer_interrupt_flag_clear  gd32c10x_timer.o
    0x080033ce   0x080033ce   0x00000018   Code   RO         3480    i.timer_interrupt_flag_get  gd32c10x_timer.o
    0x080033e6   0x080033e6   0x00000016   Code   RO         3491    i.timer_struct_para_init  gd32c10x_timer.o
    0x080033fc   0x080033fc   0x000000da   Code   RO         4299    i.usb_basic_init    drv_usb_core.o
    0x080034d6   0x080034d6   0x00000020   Code   RO         4376    i.usb_clock_active  drv_usb_dev.o
    0x080034f6   0x080034f6   0x00000002   PAD
    0x080034f8   0x080034f8   0x000000b8   Code   RO         4300    i.usb_core_init     drv_usb_core.o
    0x080035b0   0x080035b0   0x00000026   Code   RO         4301    i.usb_core_reset    drv_usb_core.o
    0x080035d6   0x080035d6   0x00000002   PAD
    0x080035d8   0x080035d8   0x00000028   Code   RO         4377    i.usb_ctlep_startout  drv_usb_dev.o
    0x08003600   0x08003600   0x0000002e   Code   RO         4302    i.usb_curmode_set   drv_usb_core.o
    0x0800362e   0x0800362e   0x00000002   PAD
    0x08003630   0x08003630   0x00000150   Code   RO         4380    i.usb_devcore_init  drv_usb_dev.o
    0x08003780   0x08003780   0x00000040   Code   RO         4381    i.usb_devint_enable  drv_usb_dev.o
    0x080037c0   0x080037c0   0x0000002a   Code   RO         4382    i.usb_iepintr_read  drv_usb_dev.o
    0x080037ea   0x080037ea   0x00000044   Code   RO          187    i.usb_intr_config   gd32c10x_hw.o
    0x0800382e   0x0800382e   0x0000000e   Code   RO          188    i.usb_mdelay        gd32c10x_hw.o
    0x0800383c   0x0800383c   0x0000009c   Code   RO          189    i.usb_rcu_config    gd32c10x_hw.o
    0x080038d8   0x080038d8   0x00000022   Code   RO         4303    i.usb_rxfifo_flush  drv_usb_core.o
    0x080038fa   0x080038fa   0x0000001e   Code   RO         4304    i.usb_rxfifo_read   drv_usb_core.o
    0x08003918   0x08003918   0x00000048   Code   RO         4305    i.usb_set_txfifo    drv_usb_core.o
    0x08003960   0x08003960   0x00000028   Code   RO          190    i.usb_timer_init    gd32c10x_hw.o
    0x08003988   0x08003988   0x00000038   Code   RO          191    i.usb_timer_irq     gd32c10x_hw.o
    0x080039c0   0x080039c0   0x00000098   Code   RO         4385    i.usb_transc_active  drv_usb_dev.o
    0x08003a58   0x08003a58   0x00000044   Code   RO         4386    i.usb_transc_clrstall  drv_usb_dev.o
    0x08003a9c   0x08003a9c   0x00000064   Code   RO         4387    i.usb_transc_deactivate  drv_usb_dev.o
    0x08003b00   0x08003b00   0x0000010c   Code   RO         4388    i.usb_transc_inxfer  drv_usb_dev.o
    0x08003c0c   0x08003c0c   0x00000090   Code   RO         4389    i.usb_transc_outxfer  drv_usb_dev.o
    0x08003c9c   0x08003c9c   0x00000042   Code   RO         4390    i.usb_transc_stall  drv_usb_dev.o
    0x08003cde   0x08003cde   0x00000028   Code   RO         4306    i.usb_txfifo_flush  drv_usb_core.o
    0x08003d06   0x08003d06   0x00000022   Code   RO         4307    i.usb_txfifo_write  drv_usb_core.o
    0x08003d28   0x08003d28   0x0000000e   Code   RO          192    i.usb_udelay        gd32c10x_hw.o
    0x08003d36   0x08003d36   0x00000026   Code   RO         4675    i.usbd_class_request  usbd_enum.o
    0x08003d5c   0x08003d5c   0x0000001c   Code   RO         4568    i.usbd_connect      usbd_core.o
    0x08003d78   0x08003d78   0x0000002e   Code   RO         4795    i.usbd_ctl_recev    usbd_transc.o
    0x08003da6   0x08003da6   0x0000002e   Code   RO         4796    i.usbd_ctl_send     usbd_transc.o
    0x08003dd4   0x08003dd4   0x00000020   Code   RO         4797    i.usbd_ctl_status_recev  usbd_transc.o
    0x08003df4   0x08003df4   0x00000020   Code   RO         4798    i.usbd_ctl_status_send  usbd_transc.o
    0x08003e14   0x08003e14   0x0000001c   Code   RO         4569    i.usbd_disconnect   usbd_core.o
    0x08003e30   0x08003e30   0x0000008c   Code   RO         4496    i.usbd_emptytxfifo_write  drv_usbd_int.o
    0x08003ebc   0x08003ebc   0x0000001e   Code   RO         4676    i.usbd_enum_error   usbd_enum.o
    0x08003eda   0x08003eda   0x00000034   Code   RO         4570    i.usbd_ep_clear     usbd_core.o
    0x08003f0e   0x08003f0e   0x0000003c   Code   RO         4571    i.usbd_ep_recev     usbd_core.o
    0x08003f4a   0x08003f4a   0x0000003c   Code   RO         4572    i.usbd_ep_send      usbd_core.o
    0x08003f86   0x08003f86   0x00000002   PAD
    0x08003f88   0x08003f88   0x00000070   Code   RO         4573    i.usbd_ep_setup     usbd_core.o
    0x08003ff8   0x08003ff8   0x0000003a   Code   RO         4574    i.usbd_ep_stall     usbd_core.o
    0x08004032   0x08004032   0x0000003a   Code   RO         4575    i.usbd_ep_stall_clear  usbd_core.o
    0x0800406c   0x0800406c   0x000000a0   Code   RO         4799    i.usbd_in_transc    usbd_transc.o
    0x0800410c   0x0800410c   0x0000007c   Code   RO         4577    i.usbd_init         usbd_core.o
    0x08004188   0x08004188   0x00000068   Code   RO         4497    i.usbd_int_enumfinish  drv_usbd_int.o
    0x080041f0   0x080041f0   0x0000008a   Code   RO         4498    i.usbd_int_epin     drv_usbd_int.o
    0x0800427a   0x0800427a   0x000000ce   Code   RO         4499    i.usbd_int_epout    drv_usbd_int.o
    0x08004348   0x08004348   0x000000d8   Code   RO         4500    i.usbd_int_reset    drv_usbd_int.o
    0x08004420   0x08004420   0x000000b2   Code   RO         4501    i.usbd_int_rxfifo   drv_usbd_int.o
    0x080044d2   0x080044d2   0x00000066   Code   RO         4502    i.usbd_int_suspend  drv_usbd_int.o
    0x08004538   0x08004538   0x000000de   Code   RO         4503    i.usbd_isr          drv_usbd_int.o
    0x08004616   0x08004616   0x00000084   Code   RO         4800    i.usbd_out_transc   usbd_transc.o
    0x0800469a   0x0800469a   0x00000084   Code   RO         4801    i.usbd_setup_transc  usbd_transc.o
    0x0800471e   0x0800471e   0x00000002   PAD
    0x08004720   0x08004720   0x0000001c   Code   RO         4677    i.usbd_standard_request  usbd_enum.o
    0x0800473c   0x0800473c   0x00000006   Code   RO         4678    i.usbd_vendor_request  usbd_enum.o
    0x08004742   0x08004742   0x0000000a   Code   RO         5423    x$fpl$fpinit        fz_wm.l(fpinit.o)
    0x0800474c   0x0800474c   0x00000018   Data   RO            5    .constdata          app.o
    0x08004764   0x08004764   0x000000d8   Data   RO         1083    .constdata          gd32c10x_can.o
    0x0800483c   0x0800483c   0x00000004   Data   RO         4391    .constdata          drv_usb_dev.o
    0x08004840   0x08004840   0x0000003c   Data   RO         4504    .constdata          drv_usbd_int.o
    0x0800487c   0x0800487c   0x00000010   Data   RO         4578    .constdata          usbd_core.o
    0x0800488c   0x0800488c   0x00000177   Data   RO         4870    .constdata          cdc_acm_core.o
    0x08004a03   0x08004a03   0x00000001   PAD
    0x08004a04   0x08004a04   0x000000c8   Data   RO         5063    .constdata          can.o
    0x08004acc   0x08004acc   0x00000020   Data   RO         5491    Region$$Table       anon$$obj.o


    Execution Region RW_IRAM1 (Exec base: 0x20000000, Load base: 0x08004aec, Size: 0x00004e78, Max: 0x00008000, ABSOLUTE, COMPRESSED[0x0000006c])

    Exec Addr    Load Addr    Size         Type   Attr      Idx    E Section Name        Object

    0x20000000   COMPRESSED   0x0000000c   Data   RW          193    .data               gd32c10x_hw.o
    0x2000000c   COMPRESSED   0x00000001   Data   RW          374    .data               gd32c10x_it.o
    0x2000000d   COMPRESSED   0x00000001   PAD
    0x2000000e   COMPRESSED   0x00000008   Data   RW         4392    .data               drv_usb_dev.o
    0x20000016   COMPRESSED   0x00000002   PAD
    0x20000018   COMPRESSED   0x00000043   Data   RW         4679    .data               usbd_enum.o
    0x2000005b   COMPRESSED   0x00000001   PAD
    0x2000005c   COMPRESSED   0x000000d8   Data   RW         4871    .data               cdc_acm_core.o
    0x20000134   COMPRESSED   0x00000045   Data   RW         4966    .data               bsp.o
    0x20000179   COMPRESSED   0x00000003   PAD
    0x2000017c        -       0x0000043c   Zero   RW            4    .bss                app.o
    0x200005b8        -       0x00000010   Zero   RW         2709    .bss                gd32c10x_pmu.o
    0x200005c8        -       0x00000064   Zero   RW         4869    .bss                cdc_acm_core.o
    0x2000062c        -       0x00003fe8   Zero   RW         4965    .bss                bsp.o
    0x20004614        -       0x00000060   Zero   RW         5365    .bss                c_w.l(libspace.o)
    0x20004674   COMPRESSED   0x00000004   PAD
    0x20004678        -       0x00000400   Zero   RW         4951    HEAP                startup_gd32c10x.o
    0x20004a78        -       0x00000400   Zero   RW         4950    STACK               startup_gd32c10x.o


==============================================================================

Image component sizes


      Code (inc. data)   RO Data    RW Data    ZI Data      Debug   Object Name

       304         48         24          0       1084      27184   app.o
       172         16          0         69      16360      27615   bsp.o
       672         26        200          0          0       5211   can.o
       850         46        375        216        100      12301   cdc_acm_core.o
       696          6          0          0          0      25315   drv_usb_core.o
      1312         30          4          8          0      25856   drv_usb_dev.o
      1306         22         60          0          0      11663   drv_usbd_int.o
       290          6          0          0          0       4911   gd32c10x_adc.o
      2426         54        216          0          0       9348   gd32c10x_can.o
       212         46          0          0          0       5140   gd32c10x_ctc.o
       248         20          0          0          0       2818   gd32c10x_exti.o
       356          6          0          0          0       3945   gd32c10x_gpio.o
       552         56          0         12          0      64864   gd32c10x_hw.o
      1980        138          0          1          0      37138   gd32c10x_it.o
       216         28          0          0          0       2228   gd32c10x_misc.o
       196         26          0          0         16        771   gd32c10x_pmu.o
      1056         94          0          0          0       7685   gd32c10x_rcu.o
       796         44          0          0          0      10478   gd32c10x_timer.o
        64         26        336          0       2048        972   startup_gd32c10x.o
       424         40          0          0          0       2709   system_gd32c10x.o
       430         34          0          0          0       3592   timer.o
       580          6         16          0          0      13308   usbd_core.o
      1502         46          0         67          0      21234   usbd_enum.o
       580          0          0          0          0       9127   usbd_transc.o

    ----------------------------------------------------------------------
     17242        864       1264        380      19608     335413   Object Totals
         0          0         32          0          0          0   (incl. Generated)
        22          0          1          7          0          0   (incl. Padding)

    ----------------------------------------------------------------------

      Code (inc. data)   RO Data    RW Data    ZI Data      Debug   Library Member Name

        90          0          0          0          0          0   __dczerorl2.o
         8          0          0          0          0         68   __main.o
         0          0          0          0          0          0   __rtentry.o
        12          0          0          0          0          0   __rtentry2.o
         6          0          0          0          0          0   __rtentry4.o
        52          8          0          0          0          0   __scatter.o
        28          0          0          0          0          0   __scatter_zi.o
        18          0          0          0          0         80   exit.o
         6          0          0          0          0        152   heapauxi.o
         0          0          0          0          0          0   indicate_semi.o
         2          0          0          0          0          0   libinit.o
         6          0          0          0          0          0   libinit2.o
         2          0          0          0          0          0   libshutdown.o
         2          0          0          0          0          0   libshutdown2.o
         8          4          0          0         96         68   libspace.o
        78          0          0          0          0         80   rt_memclr_w.o
       138          0          0          0          0         68   rt_memcpy_v6.o
       100          0          0          0          0         80   rt_memcpy_w.o
         2          0          0          0          0          0   rtexit.o
        10          0          0          0          0          0   rtexit2.o
        12          4          0          0          0         68   sys_exit.o
        74          0          0          0          0         80   sys_stackheap_outer.o
         2          0          0          0          0         68   use_no_semi.o
        10          0          0          0          0        116   fpinit.o

    ----------------------------------------------------------------------
       674         16          0          0        100        928   Library Totals
         8          0          0          0          4          0   (incl. Padding)

    ----------------------------------------------------------------------

      Code (inc. data)   RO Data    RW Data    ZI Data      Debug   Library Name

       656         16          0          0         96        812   c_w.l
        10          0          0          0          0        116   fz_wm.l

    ----------------------------------------------------------------------
       674         16          0          0        100        928   Library Totals

    ----------------------------------------------------------------------

==============================================================================


      Code (inc. data)   RO Data    RW Data    ZI Data      Debug   

     17916        880       1264        380      19708     318229   Grand Totals
     17916        880       1264        108      19708     318229   ELF Image Totals (compressed)
     17916        880       1264        108          0          0   ROM Totals

==============================================================================

    Total RO  Size (Code + RO Data)                19180 (  18.73kB)
    Total RW  Size (RW Data + ZI Data)             20088 (  19.62kB)
    Total ROM Size (Code + RO Data + RW Data)      19288 (  18.84kB)

==============================================================================

